Microsoft Windows [Version 10.0.22631.4169]
(c) Microsoft Corporation. All rights reserved.

C:\Users\VIDIT SRIVASTAVA>mongod --version
db version v7.0.2
Build Info: {
    "version": "7.0.2",
    "gitVersion": "02b3c655e1302209ef046da6ba3ef6749dd0b62a",
    "modules": [],
    "allocator": "tcmalloc",
    "environment": {
        "distmod": "windows",
        "distarch": "x86_64",
        "target_arch": "x86_64"
    }
}

C:\Users\VIDIT SRIVASTAVA>mongosh
Current Mongosh Log ID: 66efbeb8eecd241086ea1535
Connecting to:          mongodb://127.0.0.1:27017/?directConnection=true&serverSelectionTimeoutMS=2000&appName=mongosh+2.0.1
Using MongoDB:          7.0.2
Using Mongosh:          2.0.1

For mongosh info see: https://docs.mongodb.com/mongodb-shell/

------
   The server generated these startup warnings when booting
   2024-09-15T10:53:50.560+05:30: Access control is not enabled for the database. Read and write access to data and configuration is unrestricted
------

test> show dbs
admin          40.00 KiB
config         84.00 KiB
contactDance   88.00 KiB
employees     200.00 KiB
local          88.00 KiB
test> show database
MongoshInvalidInputError: [COMMON-10001] 'database' is not a valid argument for "show".
test> show databases
admin          40.00 KiB
config         84.00 KiB
contactDance   88.00 KiB
employees     200.00 KiB
local          88.00 KiB
test> use students
switched to db students
students> use admin
switched to db admin
admin> show dbs
admin          40.00 KiB
config         84.00 KiB
contactDance   88.00 KiB
employees     200.00 KiB
local          88.00 KiB
admin> use students
switched to db students
students> show collections

students> db.createCollection('data')
{ ok: 1 }
students> show collections
data
students> show dbs
admin          40.00 KiB
config         72.00 KiB
contactDance   88.00 KiB
employees     200.00 KiB
local          88.00 KiB
students        8.00 KiB
students> show collections
data
students> db.data.drop()
true
students> show collections

students> db.dropDatabase()
{ ok: 1, dropped: 'students' }
students> show dbs
admin          40.00 KiB
config         72.00 KiB
contactDance   88.00 KiB
employees     200.00 KiB
local          88.00 KiB
students> show dbs
admin          40.00 KiB
config         72.00 KiB
contactDance   88.00 KiB
employees     200.00 KiB
local          88.00 KiB
students> use admin
switched to db admin
admin> show databases
admin          40.00 KiB
config         72.00 KiB
contactDance   88.00 KiB
employees     200.00 KiB
local          88.00 KiB
admin> use students
switched to db students
students> db.data.insertOne({'name':'vinod', age:29})
{
  acknowledged: true,
  insertedId: ObjectId("66efc0f7eecd241086ea1536")
}
students> show collections
data
students> show data
MongoshInvalidInputError: [COMMON-10001] 'data' is not a valid argument for "show".
students> db.data.insertMany([{'name':'vinod', age:29}, {'name':'rohan', age:22}, {'name':'rahul', age:21}])
{
  acknowledged: true,
  insertedIds: {
    '0': ObjectId("66efc162eecd241086ea1537"),
    '1': ObjectId("66efc162eecd241086ea1538"),
    '2': ObjectId("66efc162eecd241086ea1539")
  }
}
students> db.data.find()
[
  { _id: ObjectId("66efc0f7eecd241086ea1536"), name: 'vinod', age: 29 },
  { _id: ObjectId("66efc162eecd241086ea1537"), name: 'vinod', age: 29 },
  { _id: ObjectId("66efc162eecd241086ea1538"), name: 'rohan', age: 22 },
  { _id: ObjectId("66efc162eecd241086ea1539"), name: 'rahul', age: 21 }
]
students> db.data.insertOne({'name':'vishal', age:29, 'course name':'cs'})
{
  acknowledged: true,
  insertedId: ObjectId("66efc20aeecd241086ea153a")
}
students> db.data.find()
[
  { _id: ObjectId("66efc0f7eecd241086ea1536"), name: 'vinod', age: 29 },
  { _id: ObjectId("66efc162eecd241086ea1537"), name: 'vinod', age: 29 },
  { _id: ObjectId("66efc162eecd241086ea1538"), name: 'rohan', age: 22 },
  { _id: ObjectId("66efc162eecd241086ea1539"), name: 'rahul', age: 21 },
  {
    _id: ObjectId("66efc20aeecd241086ea153a"),
    name: 'vishal',
    age: 29,
    'course name': 'cs'
  }
]
students> db.data.insertMany([{'name':'vinod', age:29}, {_id: ObjectId("66efc0f7eecd241086ea1536"), name: 'roshan', age: 25} {'name':'rohan', age:22}, {'name':'rahul', age:21}])
Uncaught:
SyntaxError: Unexpected token, expected "," (1:115)

> 1 | db.data.insertMany([{'name':'vinod', age:29}, {_id: ObjectId("66efc0f7eecd241086ea1536"), name: 'roshan', age: 25} {'name':'rohan', age:22}, {'name':'rahul', age:21}])
    |
                                             ^
  2 |

students> db.data.insertMany([{'name':'vinod', age:29}, {_id: ObjectId("66efc0f7eecd241086ea1536"), name: 'roshan', age: 25}, {'name':'rohan', age:22}, {'name':'rahul', age:21}])
Uncaught:
MongoBulkWriteError: E11000 duplicate key error collection: students.data index: _id_ dup key: { _id: ObjectId('66efc0f7eecd241086ea1536') }
Result: BulkWriteResult {
  insertedCount: 1,
  matchedCount: 0,
  modifiedCount: 0,
  deletedCount: 0,
  upsertedCount: 0,
  upsertedIds: {},
  insertedIds: {
    '0': ObjectId("66efc357eecd241086ea153b"),
    '1': ObjectId("66efc0f7eecd241086ea1536"),
    '2': ObjectId("66efc357eecd241086ea153c"),
    '3': ObjectId("66efc357eecd241086ea153d")
  }
}
Write Errors: [
  WriteError {
    err: {
      index: 1,
      code: 11000,
      errmsg: "E11000 duplicate key error collection: students.data index: _id_ dup key: { _id: ObjectId('66efc0f7eecd241086ea1536') }",
      errInfo: undefined,
      op: {
        _id: ObjectId("66efc0f7eecd241086ea1536"),
        name: 'roshan',
        age: 25
      }
    }
  }
]
students> db.data.insertMany([{'name':'vinod', age:29}, {_id: ObjectId("66efc0f7eecd241086ea1536"), name: 'roshan', age: 25}, {'name':'rohan', age:22}, {'name':'rahul', age:21}], {ordered:false})
Uncaught:
MongoBulkWriteError: E11000 duplicate key error collection: students.data index: _id_ dup key: { _id: ObjectId('66efc0f7eecd241086ea1536') }
Result: BulkWriteResult {
  insertedCount: 3,
  matchedCount: 0,
  modifiedCount: 0,
  deletedCount: 0,
  upsertedCount: 0,
  upsertedIds: {},
  insertedIds: {
    '0': ObjectId("66efc36beecd241086ea153e"),
    '1': ObjectId("66efc0f7eecd241086ea1536"),
    '2': ObjectId("66efc36beecd241086ea153f"),
    '3': ObjectId("66efc36beecd241086ea1540")
  }
}
Write Errors: [
  WriteError {
    err: {
      index: 1,
      code: 11000,
      errmsg: "E11000 duplicate key error collection: students.data index: _id_ dup key: { _id: ObjectId('66efc0f7eecd241086ea1536') }",
      errInfo: undefined,
      op: {
        _id: ObjectId("66efc0f7eecd241086ea1536"),
        name: 'roshan',
        age: 25
      }
    }
  }
]

students> db.data.find()
[
  { _id: ObjectId("66efc0f7eecd241086ea1536"), name: 'vinod', age: 29 },
  { _id: ObjectId("66efc162eecd241086ea1537"), name: 'vinod', age: 29 },
  { _id: ObjectId("66efc162eecd241086ea1538"), name: 'rohan', age: 22 },
  { _id: ObjectId("66efc162eecd241086ea1539"), name: 'rahul', age: 21 },
  {
    _id: ObjectId("66efc20aeecd241086ea153a"),
    name: 'vishal',
    age: 29,
    'course name': 'cs'
  },
  { _id: ObjectId("66efc357eecd241086ea153b"), name: 'vinod', age: 29 },
  { _id: ObjectId("66efc36beecd241086ea153e"), name: 'vinod', age: 29 },
  { _id: ObjectId("66efc36beecd241086ea153f"), name: 'rohan', age: 22 },
  { _id: ObjectId("66efc36beecd241086ea1540"), name: 'rahul', age: 21 }
]
students> show collections
data
students> db.data.find().limit(2)
[
  { _id: ObjectId("66efc0f7eecd241086ea1536"), name: 'vinod', age: 29 },
  { _id: ObjectId("66efc162eecd241086ea1537"), name: 'vinod', age: 29 }
]
students> db.Data.find().limit(2)

students> db.data.find({'name':'vinod'})
[
  { _id: ObjectId("66efc0f7eecd241086ea1536"), name: 'vinod', age: 29 },
  { _id: ObjectId("66efc162eecd241086ea1537"), name: 'vinod', age: 29 },
  { _id: ObjectId("66efc357eecd241086ea153b"), name: 'vinod', age: 29 },
  { _id: ObjectId("66efc36beecd241086ea153e"), name: 'vinod', age: 29 }
]
students> db.data.findOne({'name':'vinod'})
{ _id: ObjectId("66efc0f7eecd241086ea1536"), name: 'vinod', age: 29 }
students>
(To exit, press Ctrl+C again or Ctrl+D or type .exit)

------------------------------------------------------------------------------------------------------------------------------------------
C:\Users\VIDIT SRIVASTAVA>mongoimport --version
mongoimport version: 100.10.0
git version: 6d4f001be3fcf673de04d20176e90ee02ef233a9
Go version: go1.21.11
   os: windows
   arch: amd64
   compiler: gc

C:\Users\VIDIT SRIVASTAVA>mongoimport D:\MongoDb Tutorial\Thapa Technical MongoDB Import Files\products.json -d shop -c products
2024-09-22T13:12:17.794+0530    error parsing command line options: error parsing positional arguments: provide only one file name and only one MongoDB connection string. Connection strings must begin with mongodb:// or mongodb+srv:// schemes
2024-09-22T13:12:17.796+0530    try 'mongoimport --help' for more information

C:\Users\VIDIT SRIVASTAVA>mongoimport "D:\MongoDb Tutorial\Thapa Technical MongoDB Import Files\products.json" -d shop -c products
2024-09-22T13:12:36.344+0530    connected to: mongodb://localhost/
2024-09-22T13:12:37.489+0530    10355 document(s) imported successfully. 0 document(s) failed to import.

C:\Users\VIDIT SRIVASTAVA>mongoimport "D:\MongoDb Tutorial\Thapa Technical MongoDB Import Files\sales.json" -d shop -c sales
2024-09-22T13:13:34.255+0530    connected to: mongodb://localhost/
2024-09-22T13:13:34.268+0530    Failed: cannot decode array into a primitive.D
2024-09-22T13:13:34.269+0530    0 document(s) imported successfully. 0 document(s) failed to import.

C:\Users\VIDIT SRIVASTAVA>mongoimport "D:\MongoDb Tutorial\Thapa Technical MongoDB Import Files\sales.json" -d shop -c sales --jsonArray
2024-09-22T13:13:48.384+0530    connected to: mongodb://localhost/
2024-09-22T13:13:48.422+0530    5 document(s) imported successfully. 0 document(s) failed to import.

C:\Users\VIDIT SRIVASTAVA>mongoimport "D:\MongoDb Tutorial\Thapa Technical MongoDB Import Files\categories.json" -d shop -c categories
2024-09-22T13:14:21.798+0530    connected to: mongodb://localhost/
2024-09-22T13:14:22.177+0530    20 document(s) imported successfully. 0 document(s) failed to import.

C:\Users\VIDIT SRIVASTAVA>mongoexport -d shop -c sales -o "D:\MongoDb Tutori
al\Thapa Technical MongoDB Import Files\salestest.json"
2024-09-22T13:19:40.872+0530    connected to: mongodb://localhost/
2024-09-22T13:19:41.252+0530    exported 5 records


C:\Users\VIDIT SRIVASTAVA>mongosh
Current Mongosh Log ID: 66efd77d6314134f935df4dc
Connecting to:          mongodb://127.0.0.1:27017/?directConnection=true&serverSelectionTimeoutMS=2000&appName=mongosh+2.0.1
Using MongoDB:          7.0.2
Using Mongosh:          2.0.1
mongosh 2.3.1 is available for download: https://www.mongodb.com/try/download/shell

For mongosh info see: https://docs.mongodb.com/mongodb-shell/

------
   The server generated these startup warnings when booting
   2024-09-15T10:53:50.560+05:30: Access control is not enabled for the database. Read and write access to data and configuration is unrestricted
------

test> show dbs
admin          40.00 KiB
config         60.00 KiB
contactDance   88.00 KiB
employees     200.00 KiB
local          88.00 KiB
shop          716.00 KiB
students       72.00 KiB
test> use shop
switched to db shop
shop> show collections
categories
products
sales
shop> db.products.find()
[
  {
    _id: ObjectId("64c23601e32f4a51b19b9262"),
    name: 'Smartphone Model X',
    company: '64c23350e32f4a51b19b9230',
    price: 699,
    colors: [ '#000000', '#ffffff', '#ff0000' ],
    image: '/images/product-smartphone.png',
    category: '64c2342de32f4a51b19b924e',
    isFeatured: false
  },
  {
    _id: ObjectId("64c23601e32f4a51b19b9265"),
    name: 'Kitchen Blender',
    company: '64c23350e32f4a51b19b9233',
    price: 89,
    colors: [ '#ffffff', '#ff9900', '#990000' ],
    image: '/images/product-blender.png',
    category: '64c2342de32f4a51b19b924f',
    isFeatured: true
  },
  {
    _id: ObjectId("64c23601e32f4a51b19b926a"),
    name: 'Car Jump Starter',
    company: '64c23350e32f4a51b19b9238',
    price: 89,
    colors: [ '#000000', '#999999', '#00ff00' ],
    image: '/images/product-jump-starter.png',
    category: '64c2342de32f4a51b19b924f',
    isFeatured: false
  },
  {
    _id: ObjectId("64c23601e32f4a51b19b926b"),
    name: 'Cookware Set',
    company: '64c23350e32f4a51b19b9239',
    price: 149,
    colors: [ '#ffffff', '#ffcc00', '#cc9900' ],
    image: '/images/product-cookware.png',
    category: '64c2342de32f4a51b19b924f',
    isFeatured: false
  },
  {
    _id: ObjectId("64c23601e32f4a51b19b926c"),
    name: 'Designer Handbag',
    company: '64c23350e32f4a51b19b923a',
    price: 349,
    colors: [ '#000000', '#cc6600', '#663300' ],
    image: '/images/product-handbag.png',
    category: '64c2342de32f4a51b19b9250',
    isFeatured: true
  },
  {
    _id: ObjectId("64c23601e32f4a51b19b926d"),
    name: 'Gym Equipment Set',
    company: '64c23350e32f4a51b19b923b',
    price: 799,
    colors: [ '#333333', '#ff9900', '#660000' ],
    image: '/images/product-gym-equipment.png',
    category: '64c2342de32f4a51b19b925e',
    isFeatured: true
  },
  {
    _id: ObjectId("64c23601e32f4a51b19b926e"),
    name: 'Car Cleaning Kit',
    company: '64c23350e32f4a51b19b923c',
    price: 29,
    colors: [ '#000000', '#666666', '#cc9900' ],
    image: '/images/product-car-cleaning.png',
    category: '64c2342de32f4a51b19b9254',
    isFeatured: false
  },
  {
    _id: ObjectId("64c23601e32f4a51b19b926f"),
    name: 'Cookbook Collection',
    company: '64c23350e32f4a51b19b923d',
    price: 69,
    colors: [ '#ffffff', '#ff9900', '#0099ff' ],
    image: '/images/product-cookbook.png',
    category: '64c2342de32f4a51b19b9255',
    isFeatured: true
  },
  {
    _id: ObjectId("64c23601e32f4a51b19b9270"),
    name: 'Healthy Snack Pack',
    company: '64c23350e32f4a51b19b923e',
    price: 19,
    colors: [ '#ffffff', '#ffcc00', '#99cc00' ],
    image: '/images/product-snack-pack.png',
    category: '64c2342de32f4a51b19b9256',
    isFeatured: true
  },
  {
    _id: ObjectId("64c23601e32f4a51b19b9264"),
    name: 'Smart Watch',
    company: '64c23350e32f4a51b19b9232',
    price: 249,
    colors: [ '#000000', '#ff0000', '#00ff00' ],
    image: '/images/product-smartwatch.png',
    category: '64c2342de32f4a51b19b924e',
    isFeatured: false
  },
  {
    _id: ObjectId("64c23601e32f4a51b19b9263"),
    name: 'Laptop Pro',
    company: '64c23350e32f4a51b19b9231',
    price: 1299,
    colors: [ '#333333', '#cccccc', '#00ff00' ],
    image: '/images/product-laptop.png',
    category: '64c2342de32f4a51b19b924e',
    isFeatured: true
  },
  {
    _id: ObjectId("64c23601e32f4a51b19b9267"),
    name: 'Skin Care Set',
    company: '64c23350e32f4a51b19b9235',
    price: 59,
    colors: [ '#ffffff', '#ff99cc', '#00cc99' ],
    image: '/images/product-skincare.png',
    category: '64c2342de32f4a51b19b9251',
    isFeatured: true
  },
  {
    _id: ObjectId("64c23601e32f4a51b19b9268"),
    name: 'Outdoor Camping Tent',
    company: '64c23350e32f4a51b19b9236',
    price: 299,
    colors: [ '#333333', '#99cc00', '#ffcc00' ],
    image: '/images/product-tent.png',
    category: '64c2342de32f4a51b19b9252',
    isFeatured: false
  },
  {
    _id: ObjectId("64c23601e32f4a51b19b9266"),
    name: 'Fashionable Sunglasses',
    company: '64c23350e32f4a51b19b9234',
    price: 129,
    colors: [ '#000000', '#666666', '#ffcc00' ],
    image: '/images/product-sunglasses.png',
    category: '64c2342de32f4a51b19b9250',
    isFeatured: false
  },
  {
    _id: ObjectId("64c23601e32f4a51b19b9269"),
    name: 'Building Blocks Set',
    company: '64c23350e32f4a51b19b9237',
    price: 49,
    colors: [ '#ff0000', '#00ff00', '#0000ff' ],
    image: '/images/product-building-blocks.png',
    category: '64c2342de32f4a51b19b9253',
    isFeatured: true
  },
  {
    _id: ObjectId("64c2363be32f4a51b19b9273"),
    name: 'Silver Necklace',
    company: '64c23350e32f4a51b19b9240',
    price: 149,
    colors: [ '#ffffff', '#ffcc00', '#cc9900' ],
    image: '/images/product-necklace.png',
    category: '64c2342de32f4a51b19b9259',
    isFeatured: false
  },
  {
    _id: ObjectId("64c2363be32f4a51b19b9271"),
    name: 'Pet Grooming Kit',
    company: '64c23350e32f4a51b19b923e',
    price: 39,
    colors: [ '#ffffff', '#ffcc00', '#99cc00' ],
    image: '/images/product-pet-grooming.png',
    category: '64c2342de32f4a51b19b9257',
    isFeatured: false
  },
  {
    _id: ObjectId("64c2363be32f4a51b19b9272"),
    name: 'Modern Sofa Set',
    company: '64c23350e32f4a51b19b923f',
    price: 899,
    colors: [ '#000000', '#999999', '#cc6600' ],
    image: '/images/product-sofa-set.png',
    category: '64c2342de32f4a51b19b9258',
    isFeatured: true
  },
  {
    _id: ObjectId("64c2363be32f4a51b19b927a"),
    name: 'Slow Cooker',
    company: '64c23350e32f4a51b19b9233',
    price: 79,
    colors: [ '#333333', '#ff9900', '#990000' ],
    image: '/images/product-slow-cooker.png',
    category: '64c2342de32f4a51b19b924f',
    isFeatured: false
  },
  {
    _id: ObjectId("64c2363be32f4a51b19b9279"),
    name: 'Wireless Gaming Mouse',
    company: '64c23350e32f4a51b19b9232',
    price: 49,
    colors: [ '#000000', '#999999', '#00ff00' ],
    image: '/images/product-gaming-mouse.png',
    category: '64c2342de32f4a51b19b924e',
    isFeatured: true
  }
]
Type "it" for more
shop> show collections
categories
products
sales
shop> db.products.find({'price:{$eq: 699}'})
Uncaught:
SyntaxError: Unexpected token (1:36)

> 1 | db.products.find({'price:{$eq: 699}'})
    |                                     ^
  2 |

shop> db.products.find({'price':{$eq: 699}})
[
  {
    _id: ObjectId("64c23601e32f4a51b19b9262"),
    name: 'Smartphone Model X',
    company: '64c23350e32f4a51b19b9230',
    price: 699,
    colors: [ '#000000', '#ffffff', '#ff0000' ],
    image: '/images/product-smartphone.png',
    category: '64c2342de32f4a51b19b924e',
    isFeatured: false
  },
  {
    _id: ObjectId("64c236a2e32f4a51b19b9280"),
    name: 'Elegant Dining Table',
    company: '64c23350e32f4a51b19b9239',
    price: 699,
    colors: [ '#ffffff', '#ffcc00', '#cc9900' ],
    image: '/images/product-dining-table.png',
    category: '64c2342de32f4a51b19b925a',
    isFeatured: true
  },
  {
    _id: ObjectId("64c23707e32f4a51b19b9295"),
    name: 'Elegant Dining Table',
    company: '64c23350e32f4a51b19b9239',
    price: 699,
    colors: [ '#ffffff', '#ffcc00', '#cc9900' ],
    image: '/images/product-dining-table.png',
    category: '64c2342de32f4a51b19b925a',
    isFeatured: true
  },
  {
    _id: ObjectId("64c23825e32f4a51b19b92ba"),
    name: 'Smartphone',
    company: '64c23350e32f4a51b19b9236',
    price: 699,
    colors: [ '#333333', '#99cc00', '#ffcc00' ],
    image: '/images/product-smartphone.png',
    category: '64c2342de32f4a51b19b9251',
    isFeatured: true
  },
  {
    _id: ObjectId("64c23eb1f1b9c8985b80fd33"),
    name: 'Tasty Concrete Mouse',
    company: ObjectId("64c23350e32f4a51b19b9242"),
    price: 699,
    colors: [ '#2d0a6a' ],
    image: '/images/product-Modern.png',
    category: ObjectId("64c2342de32f4a51b19b9251"),
    isFeatured: false,
    __v: 0
  },
  {
    _id: ObjectId("64c23edf9dc1fb2f8560206e"),
    name: 'Electronic Bronze Mouse',
    company: ObjectId("64c23350e32f4a51b19b9238"),
    price: 699,
    colors: [ '#2b3311' ],
    image: '/images/product-Incredible.png',
    category: ObjectId("64c2342de32f4a51b19b925e"),
    isFeatured: false,
    __v: 0
  },
  {
    _id: ObjectId("64c23edf9dc1fb2f856026ba"),
    name: 'Fantastic Bronze Bacon',
    company: ObjectId("64c23350e32f4a51b19b9237"),
    price: 699,
    colors: [ '#335c62' ],
    image: '/images/product-Modern.png',
    category: ObjectId("64c2342de32f4a51b19b9261"),
    isFeatured: false,
    __v: 0
  },
  {
    _id: ObjectId("64c23edf9dc1fb2f856026e7"),
    name: 'Sleek Soft Shirt',
    company: ObjectId("64c23350e32f4a51b19b9236"),
    price: 699,
    colors: [ '#396b56' ],
    image: '/images/product-Ergonomic.png',
    category: ObjectId("64c2342de32f4a51b19b925c"),
    isFeatured: false,
    __v: 0
  },
  {
    _id: ObjectId("64c23edf9dc1fb2f8560293e"),
    name: 'Oriental Rubber Gloves',
    company: ObjectId("64c23350e32f4a51b19b924c"),
    price: 699,
    colors: [ '#2f4575' ],
    image: '/images/product-Ergonomic.png',
    category: ObjectId("64c2342de32f4a51b19b925e"),
    isFeatured: false,
    __v: 0
  },
  {
    _id: ObjectId("64c23f13f8ffc4957dc4f3e0"),
    name: 'Fantastic Soft Ball',
    company: ObjectId("64c23350e32f4a51b19b9230"),
    price: 699,
    colors: [ '#2f787d' ],
    image: '/images/product-Luxurious.png',
    category: ObjectId("64c2342de32f4a51b19b925c"),
    isFeatured: false,
    __v: 0
  },
  {
    _id: ObjectId("64c23f13f8ffc4957dc4f6c5"),
    name: 'Licensed Granite Table',
    company: ObjectId("64c23350e32f4a51b19b924d"),
    price: 699,
    colors: [ '#394827' ],
    image: '/images/product-Luxurious.png',
    category: ObjectId("64c2342de32f4a51b19b925a"),
    isFeatured: false,
    __v: 0
  },
  {
    _id: ObjectId("64c23f13f8ffc4957dc4fa7f"),
    name: 'Licensed Soft Table',
    company: ObjectId("64c23350e32f4a51b19b9240"),
    price: 699,
    colors: [ '#233376' ],
    image: '/images/product-Handmade.png',
    category: ObjectId("64c2342de32f4a51b19b924e"),
    isFeatured: false,
    __v: 0
  },
  {
    _id: ObjectId("64c23f13f8ffc4957dc4fbbb"),
    name: 'Small Concrete Table',
    company: ObjectId("64c23350e32f4a51b19b923c"),
    price: 699,
    colors: [ '#0d621e' ],
    image: '/images/product-Electronic.png',
    category: ObjectId("64c2342de32f4a51b19b925c"),
    isFeatured: false,
    __v: 0
  }
]
shop> db.products.find({'price':{$eq: 699}}).count()
13
shop> db.products.find({'price':{$neq: 699}}).count()
MongoServerError: unknown operator: $neq
shop> db.products.find({'price':{$ne: 699}}).count()
10342
shop> db.products.find({'price':{$ne: 699}})
[
  {
    _id: ObjectId("64c23601e32f4a51b19b9265"),
    name: 'Kitchen Blender',
    company: '64c23350e32f4a51b19b9233',
    price: 89,
    colors: [ '#ffffff', '#ff9900', '#990000' ],
    image: '/images/product-blender.png',
    category: '64c2342de32f4a51b19b924f',
    isFeatured: true
  },
  {
    _id: ObjectId("64c23601e32f4a51b19b926a"),
    name: 'Car Jump Starter',
    company: '64c23350e32f4a51b19b9238',
    price: 89,
    colors: [ '#000000', '#999999', '#00ff00' ],
    image: '/images/product-jump-starter.png',
    category: '64c2342de32f4a51b19b924f',
    isFeatured: false
  },
  {
    _id: ObjectId("64c23601e32f4a51b19b926b"),
    name: 'Cookware Set',
    company: '64c23350e32f4a51b19b9239',
    price: 149,
    colors: [ '#ffffff', '#ffcc00', '#cc9900' ],
    image: '/images/product-cookware.png',
    category: '64c2342de32f4a51b19b924f',
    isFeatured: false
  },
  {
    _id: ObjectId("64c23601e32f4a51b19b926c"),
    name: 'Designer Handbag',
    company: '64c23350e32f4a51b19b923a',
    price: 349,
    colors: [ '#000000', '#cc6600', '#663300' ],
    image: '/images/product-handbag.png',
    category: '64c2342de32f4a51b19b9250',
    isFeatured: true
  },
  {
    _id: ObjectId("64c23601e32f4a51b19b926d"),
    name: 'Gym Equipment Set',
    company: '64c23350e32f4a51b19b923b',
    price: 799,
    colors: [ '#333333', '#ff9900', '#660000' ],
    image: '/images/product-gym-equipment.png',
    category: '64c2342de32f4a51b19b925e',
    isFeatured: true
  },
  {
    _id: ObjectId("64c23601e32f4a51b19b926e"),
    name: 'Car Cleaning Kit',
    company: '64c23350e32f4a51b19b923c',
    price: 29,
    colors: [ '#000000', '#666666', '#cc9900' ],
    image: '/images/product-car-cleaning.png',
    category: '64c2342de32f4a51b19b9254',
    isFeatured: false
  },
  {
    _id: ObjectId("64c23601e32f4a51b19b926f"),
    name: 'Cookbook Collection',
    company: '64c23350e32f4a51b19b923d',
    price: 69,
    colors: [ '#ffffff', '#ff9900', '#0099ff' ],
    image: '/images/product-cookbook.png',
    category: '64c2342de32f4a51b19b9255',
    isFeatured: true
  },
  {
    _id: ObjectId("64c23601e32f4a51b19b9270"),
    name: 'Healthy Snack Pack',
    company: '64c23350e32f4a51b19b923e',
    price: 19,
    colors: [ '#ffffff', '#ffcc00', '#99cc00' ],
    image: '/images/product-snack-pack.png',
    category: '64c2342de32f4a51b19b9256',
    isFeatured: true
  },
  {
    _id: ObjectId("64c23601e32f4a51b19b9264"),
    name: 'Smart Watch',
    company: '64c23350e32f4a51b19b9232',
    price: 249,
    colors: [ '#000000', '#ff0000', '#00ff00' ],
    image: '/images/product-smartwatch.png',
    category: '64c2342de32f4a51b19b924e',
    isFeatured: false
  },
  {
    _id: ObjectId("64c23601e32f4a51b19b9263"),
    name: 'Laptop Pro',
    company: '64c23350e32f4a51b19b9231',
    price: 1299,
    colors: [ '#333333', '#cccccc', '#00ff00' ],
    image: '/images/product-laptop.png',
    category: '64c2342de32f4a51b19b924e',
    isFeatured: true
  },
  {
    _id: ObjectId("64c23601e32f4a51b19b9267"),
    name: 'Skin Care Set',
    company: '64c23350e32f4a51b19b9235',
    price: 59,
    colors: [ '#ffffff', '#ff99cc', '#00cc99' ],
    image: '/images/product-skincare.png',
    category: '64c2342de32f4a51b19b9251',
    isFeatured: true
  },
  {
    _id: ObjectId("64c23601e32f4a51b19b9268"),
    name: 'Outdoor Camping Tent',
    company: '64c23350e32f4a51b19b9236',
    price: 299,
    colors: [ '#333333', '#99cc00', '#ffcc00' ],
    image: '/images/product-tent.png',
    category: '64c2342de32f4a51b19b9252',
    isFeatured: false
  },
  {
    _id: ObjectId("64c23601e32f4a51b19b9266"),
    name: 'Fashionable Sunglasses',
    company: '64c23350e32f4a51b19b9234',
    price: 129,
    colors: [ '#000000', '#666666', '#ffcc00' ],
    image: '/images/product-sunglasses.png',
    category: '64c2342de32f4a51b19b9250',
    isFeatured: false
  },
  {
    _id: ObjectId("64c23601e32f4a51b19b9269"),
    name: 'Building Blocks Set',
    company: '64c23350e32f4a51b19b9237',
    price: 49,
    colors: [ '#ff0000', '#00ff00', '#0000ff' ],
    image: '/images/product-building-blocks.png',
    category: '64c2342de32f4a51b19b9253',
    isFeatured: true
  },
  {
    _id: ObjectId("64c2363be32f4a51b19b9273"),
    name: 'Silver Necklace',
    company: '64c23350e32f4a51b19b9240',
    price: 149,
    colors: [ '#ffffff', '#ffcc00', '#cc9900' ],
    image: '/images/product-necklace.png',
    category: '64c2342de32f4a51b19b9259',
    isFeatured: false
  },
  {
    _id: ObjectId("64c2363be32f4a51b19b9271"),
    name: 'Pet Grooming Kit',
    company: '64c23350e32f4a51b19b923e',
    price: 39,
    colors: [ '#ffffff', '#ffcc00', '#99cc00' ],
    image: '/images/product-pet-grooming.png',
    category: '64c2342de32f4a51b19b9257',
    isFeatured: false
  },
  {
    _id: ObjectId("64c2363be32f4a51b19b9272"),
    name: 'Modern Sofa Set',
    company: '64c23350e32f4a51b19b923f',
    price: 899,
    colors: [ '#000000', '#999999', '#cc6600' ],
    image: '/images/product-sofa-set.png',
    category: '64c2342de32f4a51b19b9258',
    isFeatured: true
  },
  {
    _id: ObjectId("64c2363be32f4a51b19b927a"),
    name: 'Slow Cooker',
    company: '64c23350e32f4a51b19b9233',
    price: 79,
    colors: [ '#333333', '#ff9900', '#990000' ],
    image: '/images/product-slow-cooker.png',
    category: '64c2342de32f4a51b19b924f',
    isFeatured: false
  },
  {
    _id: ObjectId("64c2363be32f4a51b19b9279"),
    name: 'Wireless Gaming Mouse',
    company: '64c23350e32f4a51b19b9232',
    price: 49,
    colors: [ '#000000', '#999999', '#00ff00' ],
    image: '/images/product-gaming-mouse.png',
    category: '64c2342de32f4a51b19b924e',
    isFeatured: true
  },
  {
    _id: ObjectId("64c2363be32f4a51b19b927b"),
    name: 'Designer Watch',
    company: '64c23350e32f4a51b19b9234',
    price: 299,
    colors: [ '#000000', '#666666', '#ffcc00' ],
    image: '/images/product-designer-watch.png',
    category: '64c2342de32f4a51b19b9250',
    isFeatured: true
  }
]
Type "it" for more

shop> db.products.find({'price':{$gt: 699}})
[
  {
    _id: ObjectId("64c23601e32f4a51b19b926d"),
    name: 'Gym Equipment Set',
    company: '64c23350e32f4a51b19b923b',
    price: 799,
    colors: [ '#333333', '#ff9900', '#660000' ],
    image: '/images/product-gym-equipment.png',
    category: '64c2342de32f4a51b19b925e',
    isFeatured: true
  },
  {
    _id: ObjectId("64c23601e32f4a51b19b9263"),
    name: 'Laptop Pro',
    company: '64c23350e32f4a51b19b9231',
    price: 1299,
    colors: [ '#333333', '#cccccc', '#00ff00' ],
    image: '/images/product-laptop.png',
    category: '64c2342de32f4a51b19b924e',
    isFeatured: true
  },
  {
    _id: ObjectId("64c2363be32f4a51b19b9272"),
    name: 'Modern Sofa Set',
    company: '64c23350e32f4a51b19b923f',
    price: 899,
    colors: [ '#000000', '#999999', '#cc6600' ],
    image: '/images/product-sofa-set.png',
    category: '64c2342de32f4a51b19b9258',
    isFeatured: true
  },
  {
    _id: ObjectId("64c236a2e32f4a51b19b9281"),
    name: 'Diamond Ring',
    company: '64c23350e32f4a51b19b923a',
    price: 1999,
    colors: [ '#000000', '#cc6600', '#663300' ],
    image: '/images/product-diamond-ring.png',
    category: '64c2342de32f4a51b19b9259',
    isFeatured: false
  },
  {
    _id: ObjectId("64c236a2e32f4a51b19b9287"),
    name: 'Modern Sofa Set',
    company: '64c23350e32f4a51b19b923f',
    price: 899,
    colors: [ '#000000', '#999999', '#cc6600' ],
    image: '/images/product-sofa-set.png',
    category: '64c2342de32f4a51b19b9258',
    isFeatured: true
  },
  {
    _id: ObjectId("64c236a2e32f4a51b19b9282"),
    name: 'Outdoor Patio Set',
    company: '64c23350e32f4a51b19b923b',
    price: 1199,
    colors: [ '#333333', '#ff9900', '#660000' ],
    image: '/images/product-outdoor-patio.png',
    category: '64c2342de32f4a51b19b925a',
    isFeatured: true
  },
  {
    _id: ObjectId("64c23707e32f4a51b19b9296"),
    name: 'Diamond Ring',
    company: '64c23350e32f4a51b19b923a',
    price: 1999,
    colors: [ '#000000', '#cc6600', '#663300' ],
    image: '/images/product-diamond-ring.png',
    category: '64c2342de32f4a51b19b9259',
    isFeatured: false
  },
  {
    _id: ObjectId("64c23762e32f4a51b19b92a2"),
    name: 'Smart LED TV',
    company: '64c23350e32f4a51b19b9232',
    price: 799,
    colors: [ '#000000', '#999999', '#00ff00' ],
    image: '/images/product-smart-tv.png',
    category: '64c2342de32f4a51b19b924e',
    isFeatured: true
  },
  {
    _id: ObjectId("64c23707e32f4a51b19b9297"),
    name: 'Outdoor Patio Set',
    company: '64c23350e32f4a51b19b923b',
    price: 1199,
    colors: [ '#333333', '#ff9900', '#660000' ],
    image: '/images/product-outdoor-patio.png',
    category: '64c2342de32f4a51b19b925a',
    isFeatured: true
  },
  {
    _id: ObjectId("64c23825e32f4a51b19b92b4"),
    name: 'Ultra HD Smart TV',
    company: '64c23350e32f4a51b19b9230',
    price: 899,
    colors: [ '#000000', '#999999', '#00ff00' ],
    image: '/images/product-ultra-hd-tv.png',
    category: '64c2342de32f4a51b19b924e',
    isFeatured: true
  },
  {
    _id: ObjectId("64c23947e32f4a51b19b92ce"),
    name: 'Smart Refrigerator',
    company: '64c23350e32f4a51b19b9246',
    price: 899,
    colors: [ '#333333', '#ff9900', '#990000' ],
    image: '/images/product-smart-refrigerator.png',
    category: '64c2342de32f4a51b19b924e',
    isFeatured: true
  },
  {
    _id: ObjectId("64c23e533e180eb8a2682fe5"),
    name: 'Bespoke Concrete Tuna',
    company: ObjectId("64c23350e32f4a51b19b923b"),
    price: 819,
    colors: [ '#7a6230' ],
    image: '/images/product-Handcrafted.png',
    category: ObjectId("64c2342de32f4a51b19b9252"),
    isFeatured: false,
    __v: 0
  },
  {
    _id: ObjectId("64c23e533e180eb8a2682fe7"),
    name: 'Incredible Concrete Shoes',
    company: ObjectId("64c23350e32f4a51b19b9239"),
    price: 735,
    colors: [ '#7c5922' ],
    image: '/images/product-Modern.png',
    category: ObjectId("64c2342de32f4a51b19b925a"),
    isFeatured: false,
    __v: 0
  },
  {
    _id: ObjectId("64c23e533e180eb8a2682fe8"),
    name: 'Luxurious Cotton Chips',
    company: ObjectId("64c23350e32f4a51b19b9236"),
    price: 838,
    colors: [ '#797f11' ],
    image: '/images/product-Oriental.png',
    category: ObjectId("64c2342de32f4a51b19b925c"),
    isFeatured: false,
    __v: 0
  },
  {
    _id: ObjectId("64c239f1e32f4a51b19b92f1"),
    name: 'Smart Refrigerator',
    company: '64c23350e32f4a51b19b924c',
    price: 899,
    colors: [ '#333333', '#ff9900', '#990000' ],
    image: '/images/product-smart-refrigerator.png',
    category: '64c2342de32f4a51b19b924e',
    isFeatured: true
  },
  {
    _id: ObjectId("64c23e533e180eb8a2682feb"),
    name: 'Fantastic Metal Mouse',
    company: ObjectId("64c23350e32f4a51b19b924b"),
    price: 985,
    colors: [ '#01272b' ],
    image: '/images/product-Licensed.png',
    category: ObjectId("64c2342de32f4a51b19b925e"),
    isFeatured: false,
    __v: 0
  },
  {
    _id: ObjectId("64c23e533e180eb8a2682fec"),
    name: 'Ergonomic Plastic Pants',
    company: ObjectId("64c23350e32f4a51b19b9243"),
    price: 974,
    colors: [ '#7f0f08' ],
    image: '/images/product-Modern.png',
    category: ObjectId("64c2342de32f4a51b19b9251"),
    isFeatured: false,
    __v: 0
  },
  {
    _id: ObjectId("64c23e533e180eb8a2682fee"),
    name: 'Fantastic Plastic Table',
    company: ObjectId("64c23350e32f4a51b19b9243"),
    price: 822,
    colors: [ '#732c7d' ],
    image: '/images/product-Generic.png',
    category: ObjectId("64c2342de32f4a51b19b9260"),
    isFeatured: false,
    __v: 0
  },
  {
    _id: ObjectId("64c23e543e180eb8a2682ff3"),
    name: 'Refined Rubber Tuna',
    company: ObjectId("64c23350e32f4a51b19b9236"),
    price: 997,
    colors: [ '#4d3715' ],
    image: '/images/product-Refined.png',
    category: ObjectId("64c2342de32f4a51b19b9254"),
    isFeatured: false,
    __v: 0
  },
  {
    _id: ObjectId("64c23e543e180eb8a2683000"),
    name: 'Practical Frozen Cheese',
    company: ObjectId("64c23350e32f4a51b19b9248"),
    price: 990,
    colors: [ '#58585e' ],
    image: '/images/product-Licensed.png',
    category: ObjectId("64c2342de32f4a51b19b925f"),
    isFeatured: false,
    __v: 0
  }
]
Type "it" for more
shop> db.products.find({'price':{$gt: 699}}).count()
3053
shop> db.products.find({'price':{$gte: 699}}).count()
3066
shop> db.products.find({'price':{$lte: 699}}).count()
7302
shop> db.products.find({'price':{$lt: 699}}).count()
7289
shop> db.products.find({'price':{$in: [699, 129, 659]}})
[
  {
    _id: ObjectId("64c23601e32f4a51b19b9262"),
    name: 'Smartphone Model X',
    company: '64c23350e32f4a51b19b9230',
    price: 699,
    colors: [ '#000000', '#ffffff', '#ff0000' ],
    image: '/images/product-smartphone.png',
    category: '64c2342de32f4a51b19b924e',
    isFeatured: false
  },
  {
    _id: ObjectId("64c23601e32f4a51b19b9266"),
    name: 'Fashionable Sunglasses',
    company: '64c23350e32f4a51b19b9234',
    price: 129,
    colors: [ '#000000', '#666666', '#ffcc00' ],
    image: '/images/product-sunglasses.png',
    category: '64c2342de32f4a51b19b9250',
    isFeatured: false
  },
  {
    _id: ObjectId("64c2363be32f4a51b19b927c"),
    name: 'Fitness Tracker',
    company: '64c23350e32f4a51b19b9235',
    price: 129,
    colors: [ '#ffffff', '#ff99cc', '#00cc99' ],
    image: '/images/product-fitness-tracker.png',
    category: '64c2342de32f4a51b19b925e',
    isFeatured: false
  },
  {
    _id: ObjectId("64c236a2e32f4a51b19b9280"),
    name: 'Elegant Dining Table',
    company: '64c23350e32f4a51b19b9239',
    price: 699,
    colors: [ '#ffffff', '#ffcc00', '#cc9900' ],
    image: '/images/product-dining-table.png',
    category: '64c2342de32f4a51b19b925a',
    isFeatured: true
  },
  {
    _id: ObjectId("64c2363be32f4a51b19b9275"),
    name: 'Air Fryer',
    company: '64c23350e32f4a51b19b9242',
    price: 129,
    colors: [ '#000000', '#666666', '#cc9900' ],
    image: '/images/product-air-fryer.png',
    category: '64c2342de32f4a51b19b925b',
    isFeatured: false
  },
  {
    _id: ObjectId("64c236a2e32f4a51b19b928a"),
    name: 'Air Fryer',
    company: '64c23350e32f4a51b19b9242',
    price: 129,
    colors: [ '#000000', '#666666', '#cc9900' ],
    image: '/images/product-air-fryer.png',
    category: '64c2342de32f4a51b19b925b',
    isFeatured: false
  },
  {
    _id: ObjectId("64c23707e32f4a51b19b9291"),
    name: 'Fitness Tracker',
    company: '64c23350e32f4a51b19b9235',
    price: 129,
    colors: [ '#ffffff', '#ff99cc', '#00cc99' ],
    image: '/images/product-fitness-tracker.png',
    category: '64c2342de32f4a51b19b925e',
    isFeatured: false
  },
  {
    _id: ObjectId("64c23762e32f4a51b19b929c"),
    name: 'Smart Home Security Camera',
    company: '64c23350e32f4a51b19b9240',
    price: 129,
    colors: [ '#ffffff', '#ffcc00', '#cc9900' ],
    image: '/images/product-security-camera.png',
    category: '64c2342de32f4a51b19b9252',
    isFeatured: true
  },
  {
    _id: ObjectId("64c23762e32f4a51b19b92a6"),
    name: 'Cookware Set',
    company: '64c23350e32f4a51b19b9236',
    price: 129,
    colors: [ '#333333', '#99cc00', '#ffcc00' ],
    image: '/images/product-cookware-set.png',
    category: '64c2342de32f4a51b19b924f',
    isFeatured: true
  },
  {
    _id: ObjectId("64c23707e32f4a51b19b9295"),
    name: 'Elegant Dining Table',
    company: '64c23350e32f4a51b19b9239',
    price: 699,
    colors: [ '#ffffff', '#ffcc00', '#cc9900' ],
    image: '/images/product-dining-table.png',
    category: '64c2342de32f4a51b19b925a',
    isFeatured: true
  },
  {
    _id: ObjectId("64c23825e32f4a51b19b92b9"),
    name: 'Air Fryer',
    company: '64c23350e32f4a51b19b9235',
    price: 129,
    colors: [ '#ffffff', '#ff99cc', '#00cc99' ],
    image: '/images/product-air-fryer.png',
    category: '64c2342de32f4a51b19b924f',
    isFeatured: false
  },
  {
    _id: ObjectId("64c23825e32f4a51b19b92ba"),
    name: 'Smartphone',
    company: '64c23350e32f4a51b19b9236',
    price: 699,
    colors: [ '#333333', '#99cc00', '#ffcc00' ],
    image: '/images/product-smartphone.png',
    category: '64c2342de32f4a51b19b9251',
    isFeatured: true
  },
  {
    _id: ObjectId("64c23825e32f4a51b19b92b5"),
    name: 'Wireless Earbuds',
    company: '64c23350e32f4a51b19b9231',
    price: 129,
    colors: [ '#ffffff', '#ffcc00', '#cc9900' ],
    image: '/images/product-wireless-earbuds.png',
    category: '64c2342de32f4a51b19b9251',
    isFeatured: false
  },
  {
    _id: ObjectId("64c23871e32f4a51b19b92c5"),
    name: 'Cordless Drill Set',
    company: '64c23350e32f4a51b19b9242',
    price: 129,
    colors: [ '#333333', '#ff9900', '#00cc99' ],
    image: '/images/product-cordless-drill.png',
    category: '64c2342de32f4a51b19b924f',
    isFeatured: false
  },
  {
    _id: ObjectId("64c23947e32f4a51b19b92cc"),
    name: 'Smart Home Security Camera',
    company: '64c23350e32f4a51b19b9244',
    price: 129,
    colors: [ '#000000', '#666666', '#cc9900' ],
    image: '/images/product-smart-security-camera.png',
    category: '64c2342de32f4a51b19b925b',
    isFeatured: false
  },
  {
    _id: ObjectId("64c23947e32f4a51b19b92d6"),
    name: 'Smart Wi-Fi Thermostat',
    company: '64c23350e32f4a51b19b9230',
    price: 129,
    colors: [ '#333333', '#ff9900', '#990000' ],
    image: '/images/product-smart-thermostat.png',
    category: '64c2342de32f4a51b19b925b',
    isFeatured: true
  },
  {
    _id: ObjectId("64c23947e32f4a51b19b92d3"),
    name: 'Outdoor Camping Tent',
    company: '64c23350e32f4a51b19b924b',
    price: 129,
    colors: [ '#ffffff', '#ff9900', '#0099ff' ],
    image: '/images/product-camping-tent.png',
    category: '64c2342de32f4a51b19b9252',
    isFeatured: true
  },
  {
    _id: ObjectId("64c2397ae32f4a51b19b92e4"),
    name: 'Portable External Hard Drive',
    company: '64c23350e32f4a51b19b923e',
    price: 129,
    colors: [ '#000000', '#666666', '#00ff00' ],
    image: '/images/product-external-hard-drive.png',
    category: '64c2342de32f4a51b19b925c',
    isFeatured: true
  },
  {
    _id: ObjectId("64c239f1e32f4a51b19b92ef"),
    name: 'Smart Home Security Camera',
    company: '64c23350e32f4a51b19b924a',
    price: 129,
    colors: [ '#ffffff', '#ffcc00', '#cc9900' ],
    image: '/images/product-smart-security-camera.png',
    category: '64c2342de32f4a51b19b925b',
    isFeatured: false
  },
  {
    _id: ObjectId("64c239f1e32f4a51b19b92f6"),
    name: 'Outdoor Camping Tent',
    company: '64c23350e32f4a51b19b9251',
    price: 129,
    colors: [ '#ffffff', '#ff9900', '#0099ff' ],
    image: '/images/product-camping-tent.png',
    category: '64c2342de32f4a51b19b9252',
    isFeatured: true
  }
]
Type "it" for more
shop> db.products.find({'price':{$in: [699, 129, 659]}}).count()
53
shop> db.products.find({'price':{$nin: [699, 129, 659]}}).count()
10302
shop> db.products.find({'price':{$nin: [699, 129, 659]}}).limit(2)
[
  {
    _id: ObjectId("64c23601e32f4a51b19b9265"),
    name: 'Kitchen Blender',
    company: '64c23350e32f4a51b19b9233',
    price: 89,
    colors: [ '#ffffff', '#ff9900', '#990000' ],
    image: '/images/product-blender.png',
    category: '64c2342de32f4a51b19b924f',
    isFeatured: true
  },
  {
    _id: ObjectId("64c23601e32f4a51b19b926a"),
    name: 'Car Jump Starter',
    company: '64c23350e32f4a51b19b9238',
    price: 89,
    colors: [ '#000000', '#999999', '#00ff00' ],
    image: '/images/product-jump-starter.png',
    category: '64c2342de32f4a51b19b924f',
    isFeatured: false
  }
]
shop> db.products.find({'price':{$nin: [699, 129, 659]}}).limit(2).skip(1)
[
  {
    _id: ObjectId("64c23601e32f4a51b19b926a"),
    name: 'Car Jump Starter',
    company: '64c23350e32f4a51b19b9238',
    price: 89,
    colors: [ '#000000', '#999999', '#00ff00' ],
    image: '/images/product-jump-starter.png',
    category: '64c2342de32f4a51b19b924f',
    isFeatured: false
  },
  {
    _id: ObjectId("64c23601e32f4a51b19b926b"),
    name: 'Cookware Set',
    company: '64c23350e32f4a51b19b9239',
    price: 149,
    colors: [ '#ffffff', '#ffcc00', '#cc9900' ],
    image: '/images/product-cookware.png',
    category: '64c2342de32f4a51b19b924f',
    isFeatured: false
  }
]
shop> db.products.find({'price':{$gt:1299}}).limit(2).sort({price: 1})
[
  {
    _id: ObjectId("64c236a2e32f4a51b19b9281"),
    name: 'Diamond Ring',
    company: '64c23350e32f4a51b19b923a',
    price: 1999,
    colors: [ '#000000', '#cc6600', '#663300' ],
    image: '/images/product-diamond-ring.png',
    category: '64c2342de32f4a51b19b9259',
    isFeatured: false
  },
  {
    _id: ObjectId("64c23707e32f4a51b19b9296"),
    name: 'Diamond Ring',
    company: '64c23350e32f4a51b19b923a',
    price: 1999,
    colors: [ '#000000', '#cc6600', '#663300' ],
    image: '/images/product-diamond-ring.png',
    category: '64c2342de32f4a51b19b9259',
    isFeatured: false
  }
]
shop> db.products.find({'price':{$gt:1299}}).limit(5).sort({price: 1})
[
  {
    _id: ObjectId("64c236a2e32f4a51b19b9281"),
    name: 'Diamond Ring',
    company: '64c23350e32f4a51b19b923a',
    price: 1999,
    colors: [ '#000000', '#cc6600', '#663300' ],
    image: '/images/product-diamond-ring.png',
    category: '64c2342de32f4a51b19b9259',
    isFeatured: false
  },
  {
    _id: ObjectId("64c23707e32f4a51b19b9296"),
    name: 'Diamond Ring',
    company: '64c23350e32f4a51b19b923a',
    price: 1999,
    colors: [ '#000000', '#cc6600', '#663300' ],
    image: '/images/product-diamond-ring.png',
    category: '64c2342de32f4a51b19b9259',
    isFeatured: false
  }
]
shop> db.products.find({'price':{$gt:1299}}).limit(5).sort({price: -1})
[
  {
    _id: ObjectId("64c236a2e32f4a51b19b9281"),
    name: 'Diamond Ring',
    company: '64c23350e32f4a51b19b923a',
    price: 1999,
    colors: [ '#000000', '#cc6600', '#663300' ],
    image: '/images/product-diamond-ring.png',
    category: '64c2342de32f4a51b19b9259',
    isFeatured: false
  },
  {
    _id: ObjectId("64c23707e32f4a51b19b9296"),
    name: 'Diamond Ring',
    company: '64c23350e32f4a51b19b923a',
    price: 1999,
    colors: [ '#000000', '#cc6600', '#663300' ],
    image: '/images/product-diamond-ring.png',
    category: '64c2342de32f4a51b19b9259',
    isFeatured: false
  }
]
shop> db.products.find({'price':{$gt:699}}).limit(5).sort({price: -1})
[
  {
    _id: ObjectId("64c236a2e32f4a51b19b9281"),
    name: 'Diamond Ring',
    company: '64c23350e32f4a51b19b923a',
    price: 1999,
    colors: [ '#000000', '#cc6600', '#663300' ],
    image: '/images/product-diamond-ring.png',
    category: '64c2342de32f4a51b19b9259',
    isFeatured: false
  },
  {
    _id: ObjectId("64c23707e32f4a51b19b9296"),
    name: 'Diamond Ring',
    company: '64c23350e32f4a51b19b923a',
    price: 1999,
    colors: [ '#000000', '#cc6600', '#663300' ],
    image: '/images/product-diamond-ring.png',
    category: '64c2342de32f4a51b19b9259',
    isFeatured: false
  },
  {
    _id: ObjectId("64c23601e32f4a51b19b9263"),
    name: 'Laptop Pro',
    company: '64c23350e32f4a51b19b9231',
    price: 1299,
    colors: [ '#333333', '#cccccc', '#00ff00' ],
    image: '/images/product-laptop.png',
    category: '64c2342de32f4a51b19b924e',
    isFeatured: true
  },
  {
    _id: ObjectId("64c23707e32f4a51b19b9297"),
    name: 'Outdoor Patio Set',
    company: '64c23350e32f4a51b19b923b',
    price: 1199,
    colors: [ '#333333', '#ff9900', '#660000' ],
    image: '/images/product-outdoor-patio.png',
    category: '64c2342de32f4a51b19b925a',
    isFeatured: true
  },
  {
    _id: ObjectId("64c236a2e32f4a51b19b9282"),
    name: 'Outdoor Patio Set',
    company: '64c23350e32f4a51b19b923b',
    price: 1199,
    colors: [ '#333333', '#ff9900', '#660000' ],
    image: '/images/product-outdoor-patio.png',
    category: '64c2342de32f4a51b19b925a',
    isFeatured: true
  }
]
shop> db.products.find({'price':{$gt:699}}).limit(5).sort({price: 1})
[
  {
    _id: ObjectId("64c23edf9dc1fb2f85601a60"),
    name: 'Generic Cotton Shirt',
    company: ObjectId("64c23350e32f4a51b19b9234"),
    price: 700,
    colors: [ '#5f0c19' ],
    image: '/images/product-Small.png',
    category: ObjectId("64c2342de32f4a51b19b9252"),
    isFeatured: false,
    __v: 0
  },
  {
    _id: ObjectId("64c23edf9dc1fb2f856023e6"),
    name: 'Handmade Granite Mouse',
    company: ObjectId("64c23350e32f4a51b19b9245"),
    price: 700,
    colors: [ '#1c5054' ],
    image: '/images/product-Elegant.png',
    category: ObjectId("64c2342de32f4a51b19b9251"),
    isFeatured: false,
    __v: 0
  },
  {
    _id: ObjectId("64c23edf9dc1fb2f85602c36"),
    name: 'Licensed Soft Shirt',
    company: ObjectId("64c23350e32f4a51b19b9233"),
    price: 700,
    colors: [ '#255104' ],
    image: '/images/product-Electronic.png',
    category: ObjectId("64c2342de32f4a51b19b925e"),
    isFeatured: false,
    __v: 0
  },
  {
    _id: ObjectId("64c23edf9dc1fb2f8560254f"),
    name: 'Fantastic Bronze Table',
    company: ObjectId("64c23350e32f4a51b19b9241"),
    price: 700,
    colors: [ '#807353' ],
    image: '/images/product-Incredible.png',
    category: ObjectId("64c2342de32f4a51b19b924e"),
    isFeatured: false,
    __v: 0
  },
  {
    _id: ObjectId("64c23edf9dc1fb2f85601dfe"),
    name: 'Unbranded Fresh Chips',
    company: ObjectId("64c23350e32f4a51b19b9235"),
    price: 700,
    colors: [ '#41262c' ],
    image: '/images/product-Sleek.png',
    category: ObjectId("64c2342de32f4a51b19b9257"),
    isFeatured: false,
    __v: 0
  }
]
shop> db.products.find({$and:[{'price':{$gt:100}}, {'name':{$eq:'Diamond Ring'}}]})
[
  {
    _id: ObjectId("64c236a2e32f4a51b19b9281"),
    name: 'Diamond Ring',
    company: '64c23350e32f4a51b19b923a',
    price: 1999,
    colors: [ '#000000', '#cc6600', '#663300' ],
    image: '/images/product-diamond-ring.png',
    category: '64c2342de32f4a51b19b9259',
    isFeatured: false
  },
  {
    _id: ObjectId("64c23707e32f4a51b19b9296"),
    name: 'Diamond Ring',
    company: '64c23350e32f4a51b19b923a',
    price: 1999,
    colors: [ '#000000', '#cc6600', '#663300' ],
    image: '/images/product-diamond-ring.png',
    category: '64c2342de32f4a51b19b9259',
    isFeatured: false
  }
]
shop> db.products.find({$and:[{'price':{$gt:2000}}, {'name':{$eq:'Diamond Ring'}}]})

shop> db.products.find({$and:[{'price':{$gt:20}}, {'name':{$eq:'Diamond Ring'}}]})
[
  {
    _id: ObjectId("64c236a2e32f4a51b19b9281"),
    name: 'Diamond Ring',
    company: '64c23350e32f4a51b19b923a',
    price: 1999,
    colors: [ '#000000', '#cc6600', '#663300' ],
    image: '/images/product-diamond-ring.png',
    category: '64c2342de32f4a51b19b9259',
    isFeatured: false
  },
  {
    _id: ObjectId("64c23707e32f4a51b19b9296"),
    name: 'Diamond Ring',
    company: '64c23350e32f4a51b19b923a',
    price: 1999,
    colors: [ '#000000', '#cc6600', '#663300' ],
    image: '/images/product-diamond-ring.png',
    category: '64c2342de32f4a51b19b9259',
    isFeatured: false
  }
]
shop> db.products.find({'price': 100, 'name':'Diamond Ring'})

shop> db.products.find({'price': {$gt:100}, 'name':'Diamond Ring'})
[
  {
    _id: ObjectId("64c236a2e32f4a51b19b9281"),
    name: 'Diamond Ring',
    company: '64c23350e32f4a51b19b923a',
    price: 1999,
    colors: [ '#000000', '#cc6600', '#663300' ],
    image: '/images/product-diamond-ring.png',
    category: '64c2342de32f4a51b19b9259',
    isFeatured: false
  },
  {
    _id: ObjectId("64c23707e32f4a51b19b9296"),
    name: 'Diamond Ring',
    company: '64c23350e32f4a51b19b923a',
    price: 1999,
    colors: [ '#000000', '#cc6600', '#663300' ],
    image: '/images/product-diamond-ring.png',
    category: '64c2342de32f4a51b19b9259',
    isFeatured: false
  }
]

shop> db.products.find({$or:[{'price':{$gt:2000}}, {'name':{$eq:'Diamond Ring'}}]})
[
  {
    _id: ObjectId("64c236a2e32f4a51b19b9281"),
    name: 'Diamond Ring',
    company: '64c23350e32f4a51b19b923a',
    price: 1999,
    colors: [ '#000000', '#cc6600', '#663300' ],
    image: '/images/product-diamond-ring.png',
    category: '64c2342de32f4a51b19b9259',
    isFeatured: false
  },
  {
    _id: ObjectId("64c23707e32f4a51b19b9296"),
    name: 'Diamond Ring',
    company: '64c23350e32f4a51b19b923a',
    price: 1999,
    colors: [ '#000000', '#cc6600', '#663300' ],
    image: '/images/product-diamond-ring.png',
    category: '64c2342de32f4a51b19b9259',
    isFeatured: false
  }
]
shop> db.products.find({$or:[{'price':{$gt:2000}}, {'name':'Diamond Ring'}]})
[
  {
    _id: ObjectId("64c236a2e32f4a51b19b9281"),
    name: 'Diamond Ring',
    company: '64c23350e32f4a51b19b923a',
    price: 1999,
    colors: [ '#000000', '#cc6600', '#663300' ],
    image: '/images/product-diamond-ring.png',
    category: '64c2342de32f4a51b19b9259',
    isFeatured: false
  },
  {
    _id: ObjectId("64c23707e32f4a51b19b9296"),
    name: 'Diamond Ring',
    company: '64c23350e32f4a51b19b923a',
    price: 1999,
    colors: [ '#000000', '#cc6600', '#663300' ],
    image: '/images/product-diamond-ring.png',
    category: '64c2342de32f4a51b19b9259',
    isFeatured: false
  }
]
shop> db.products.find({$or:[{'price':{$gt:6000}}, {'name':'Diamond Ring'}]})
[
  {
    _id: ObjectId("64c236a2e32f4a51b19b9281"),
    name: 'Diamond Ring',
    company: '64c23350e32f4a51b19b923a',
    price: 1999,
    colors: [ '#000000', '#cc6600', '#663300' ],
    image: '/images/product-diamond-ring.png',
    category: '64c2342de32f4a51b19b9259',
    isFeatured: false
  },
  {
    _id: ObjectId("64c23707e32f4a51b19b9296"),
    name: 'Diamond Ring',
    company: '64c23350e32f4a51b19b923a',
    price: 1999,
    colors: [ '#000000', '#cc6600', '#663300' ],
    image: '/images/product-diamond-ring.png',
    category: '64c2342de32f4a51b19b9259',
    isFeatured: false
  }
]
shop> db.products.find({$nor:[{'price':{$gt:6000}}, {'name':'Diamond Ring'}]})
[
  {
    _id: ObjectId("64c23601e32f4a51b19b9262"),
    name: 'Smartphone Model X',
    company: '64c23350e32f4a51b19b9230',
    price: 699,
    colors: [ '#000000', '#ffffff', '#ff0000' ],
    image: '/images/product-smartphone.png',
    category: '64c2342de32f4a51b19b924e',
    isFeatured: false
  },
  {
    _id: ObjectId("64c23601e32f4a51b19b9265"),
    name: 'Kitchen Blender',
    company: '64c23350e32f4a51b19b9233',
    price: 89,
    colors: [ '#ffffff', '#ff9900', '#990000' ],
    image: '/images/product-blender.png',
    category: '64c2342de32f4a51b19b924f',
    isFeatured: true
  },
  {
    _id: ObjectId("64c23601e32f4a51b19b926a"),
    name: 'Car Jump Starter',
    company: '64c23350e32f4a51b19b9238',
    price: 89,
    colors: [ '#000000', '#999999', '#00ff00' ],
    image: '/images/product-jump-starter.png',
    category: '64c2342de32f4a51b19b924f',
    isFeatured: false
  },
  {
    _id: ObjectId("64c23601e32f4a51b19b926b"),
    name: 'Cookware Set',
    company: '64c23350e32f4a51b19b9239',
    price: 149,
    colors: [ '#ffffff', '#ffcc00', '#cc9900' ],
    image: '/images/product-cookware.png',
    category: '64c2342de32f4a51b19b924f',
    isFeatured: false
  },
  {
    _id: ObjectId("64c23601e32f4a51b19b926c"),
    name: 'Designer Handbag',
    company: '64c23350e32f4a51b19b923a',
    price: 349,
    colors: [ '#000000', '#cc6600', '#663300' ],
    image: '/images/product-handbag.png',
    category: '64c2342de32f4a51b19b9250',
    isFeatured: true
  },
  {
    _id: ObjectId("64c23601e32f4a51b19b926d"),
    name: 'Gym Equipment Set',
    company: '64c23350e32f4a51b19b923b',
    price: 799,
    colors: [ '#333333', '#ff9900', '#660000' ],
    image: '/images/product-gym-equipment.png',
    category: '64c2342de32f4a51b19b925e',
    isFeatured: true
  },
  {
    _id: ObjectId("64c23601e32f4a51b19b926e"),
    name: 'Car Cleaning Kit',
    company: '64c23350e32f4a51b19b923c',
    price: 29,
    colors: [ '#000000', '#666666', '#cc9900' ],
    image: '/images/product-car-cleaning.png',
    category: '64c2342de32f4a51b19b9254',
    isFeatured: false
  },
  {
    _id: ObjectId("64c23601e32f4a51b19b926f"),
    name: 'Cookbook Collection',
    company: '64c23350e32f4a51b19b923d',
    price: 69,
    colors: [ '#ffffff', '#ff9900', '#0099ff' ],
    image: '/images/product-cookbook.png',
    category: '64c2342de32f4a51b19b9255',
    isFeatured: true
  },
  {
    _id: ObjectId("64c23601e32f4a51b19b9270"),
    name: 'Healthy Snack Pack',
    company: '64c23350e32f4a51b19b923e',
    price: 19,
    colors: [ '#ffffff', '#ffcc00', '#99cc00' ],
    image: '/images/product-snack-pack.png',
    category: '64c2342de32f4a51b19b9256',
    isFeatured: true
  },
  {
    _id: ObjectId("64c23601e32f4a51b19b9264"),
    name: 'Smart Watch',
    company: '64c23350e32f4a51b19b9232',
    price: 249,
    colors: [ '#000000', '#ff0000', '#00ff00' ],
    image: '/images/product-smartwatch.png',
    category: '64c2342de32f4a51b19b924e',
    isFeatured: false
  },
  {
    _id: ObjectId("64c23601e32f4a51b19b9263"),
    name: 'Laptop Pro',
    company: '64c23350e32f4a51b19b9231',
    price: 1299,
    colors: [ '#333333', '#cccccc', '#00ff00' ],
    image: '/images/product-laptop.png',
    category: '64c2342de32f4a51b19b924e',
    isFeatured: true
  },
  {
    _id: ObjectId("64c23601e32f4a51b19b9267"),
    name: 'Skin Care Set',
    company: '64c23350e32f4a51b19b9235',
    price: 59,
    colors: [ '#ffffff', '#ff99cc', '#00cc99' ],
    image: '/images/product-skincare.png',
    category: '64c2342de32f4a51b19b9251',
    isFeatured: true
  },
  {
    _id: ObjectId("64c23601e32f4a51b19b9268"),
    name: 'Outdoor Camping Tent',
    company: '64c23350e32f4a51b19b9236',
    price: 299,
    colors: [ '#333333', '#99cc00', '#ffcc00' ],
    image: '/images/product-tent.png',
    category: '64c2342de32f4a51b19b9252',
    isFeatured: false
  },
  {
    _id: ObjectId("64c23601e32f4a51b19b9266"),
    name: 'Fashionable Sunglasses',
    company: '64c23350e32f4a51b19b9234',
    price: 129,
    colors: [ '#000000', '#666666', '#ffcc00' ],
    image: '/images/product-sunglasses.png',
    category: '64c2342de32f4a51b19b9250',
    isFeatured: false
  },
  {
    _id: ObjectId("64c23601e32f4a51b19b9269"),
    name: 'Building Blocks Set',
    company: '64c23350e32f4a51b19b9237',
    price: 49,
    colors: [ '#ff0000', '#00ff00', '#0000ff' ],
    image: '/images/product-building-blocks.png',
    category: '64c2342de32f4a51b19b9253',
    isFeatured: true
  },
  {
    _id: ObjectId("64c2363be32f4a51b19b9273"),
    name: 'Silver Necklace',
    company: '64c23350e32f4a51b19b9240',
    price: 149,
    colors: [ '#ffffff', '#ffcc00', '#cc9900' ],
    image: '/images/product-necklace.png',
    category: '64c2342de32f4a51b19b9259',
    isFeatured: false
  },
  {
    _id: ObjectId("64c2363be32f4a51b19b9271"),
    name: 'Pet Grooming Kit',
    company: '64c23350e32f4a51b19b923e',
    price: 39,
    colors: [ '#ffffff', '#ffcc00', '#99cc00' ],
    image: '/images/product-pet-grooming.png',
    category: '64c2342de32f4a51b19b9257',
    isFeatured: false
  },
  {
    _id: ObjectId("64c2363be32f4a51b19b9272"),
    name: 'Modern Sofa Set',
    company: '64c23350e32f4a51b19b923f',
    price: 899,
    colors: [ '#000000', '#999999', '#cc6600' ],
    image: '/images/product-sofa-set.png',
    category: '64c2342de32f4a51b19b9258',
    isFeatured: true
  },
  {
    _id: ObjectId("64c2363be32f4a51b19b927a"),
    name: 'Slow Cooker',
    company: '64c23350e32f4a51b19b9233',
    price: 79,
    colors: [ '#333333', '#ff9900', '#990000' ],
    image: '/images/product-slow-cooker.png',
    category: '64c2342de32f4a51b19b924f',
    isFeatured: false
  },
  {
    _id: ObjectId("64c2363be32f4a51b19b9279"),
    name: 'Wireless Gaming Mouse',
    company: '64c23350e32f4a51b19b9232',
    price: 49,
    colors: [ '#000000', '#999999', '#00ff00' ],
    image: '/images/product-gaming-mouse.png',
    category: '64c2342de32f4a51b19b924e',
    isFeatured: true
  }
]
Type "it" for more
shop> db.products.find({$nor:[{'price':{$gt:6000}}, {'name':'Diamond Ring'}]}).count()
10353
shop> db.products.find({'price':{$not:{$eq:100}}}).count()
10348
shop> db.products.find({'price':{$ne:100}).count()
Uncaught:
SyntaxError: Unexpected token, expected "," (1:35)

> 1 | db.products.find({'price':{$ne:100}).count()
    |                                    ^
  2 |

shop> db.products.find({'price':{$ne:100}}).count()
10348
shop> db.products.find({'price':{$gt:1034}})
[
  {
    _id: ObjectId("64c23601e32f4a51b19b9263"),
    name: 'Laptop Pro',
    company: '64c23350e32f4a51b19b9231',
    price: 1299,
    colors: [ '#333333', '#cccccc', '#00ff00' ],
    image: '/images/product-laptop.png',
    category: '64c2342de32f4a51b19b924e',
    isFeatured: true
  },
  {
    _id: ObjectId("64c236a2e32f4a51b19b9281"),
    name: 'Diamond Ring',
    company: '64c23350e32f4a51b19b923a',
    price: 1999,
    colors: [ '#000000', '#cc6600', '#663300' ],
    image: '/images/product-diamond-ring.png',
    category: '64c2342de32f4a51b19b9259',
    isFeatured: false
  },
  {
    _id: ObjectId("64c236a2e32f4a51b19b9282"),
    name: 'Outdoor Patio Set',
    company: '64c23350e32f4a51b19b923b',
    price: 1199,
    colors: [ '#333333', '#ff9900', '#660000' ],
    image: '/images/product-outdoor-patio.png',
    category: '64c2342de32f4a51b19b925a',
    isFeatured: true
  },
  {
    _id: ObjectId("64c23707e32f4a51b19b9296"),
    name: 'Diamond Ring',
    company: '64c23350e32f4a51b19b923a',
    price: 1999,
    colors: [ '#000000', '#cc6600', '#663300' ],
    image: '/images/product-diamond-ring.png',
    category: '64c2342de32f4a51b19b9259',
    isFeatured: false
  },
  {
    _id: ObjectId("64c23707e32f4a51b19b9297"),
    name: 'Outdoor Patio Set',
    company: '64c23350e32f4a51b19b923b',
    price: 1199,
    colors: [ '#333333', '#ff9900', '#660000' ],
    image: '/images/product-outdoor-patio.png',
    category: '64c2342de32f4a51b19b925a',
    isFeatured: true
  }
]
shop> db.products.find({$expr: {$gt: ['$price', 1034]}})
[
  {
    _id: ObjectId("64c23601e32f4a51b19b9263"),
    name: 'Laptop Pro',
    company: '64c23350e32f4a51b19b9231',
    price: 1299,
    colors: [ '#333333', '#cccccc', '#00ff00' ],
    image: '/images/product-laptop.png',
    category: '64c2342de32f4a51b19b924e',
    isFeatured: true
  },
  {
    _id: ObjectId("64c236a2e32f4a51b19b9281"),
    name: 'Diamond Ring',
    company: '64c23350e32f4a51b19b923a',
    price: 1999,
    colors: [ '#000000', '#cc6600', '#663300' ],
    image: '/images/product-diamond-ring.png',
    category: '64c2342de32f4a51b19b9259',
    isFeatured: false
  },
  {
    _id: ObjectId("64c236a2e32f4a51b19b9282"),
    name: 'Outdoor Patio Set',
    company: '64c23350e32f4a51b19b923b',
    price: 1199,
    colors: [ '#333333', '#ff9900', '#660000' ],
    image: '/images/product-outdoor-patio.png',
    category: '64c2342de32f4a51b19b925a',
    isFeatured: true
  },
  {
    _id: ObjectId("64c23707e32f4a51b19b9296"),
    name: 'Diamond Ring',
    company: '64c23350e32f4a51b19b923a',
    price: 1999,
    colors: [ '#000000', '#cc6600', '#663300' ],
    image: '/images/product-diamond-ring.png',
    category: '64c2342de32f4a51b19b9259',
    isFeatured: false
  },
  {
    _id: ObjectId("64c23707e32f4a51b19b9297"),
    name: 'Outdoor Patio Set',
    company: '64c23350e32f4a51b19b923b',
    price: 1199,
    colors: [ '#333333', '#ff9900', '#660000' ],
    image: '/images/product-outdoor-patio.png',
    category: '64c2342de32f4a51b19b925a',
    isFeatured: true
  }
]
shop> db.sales.find()
[
  { _id: 2, quantity: 5, price: 25, targetPrice: 100 },
  { _id: 4, quantity: 5, price: 55, targetPrice: 150 },
  { _id: 5, quantity: 5, price: 55, targetPrice: 150 },
  { _id: 3, quantity: 6, price: 35, targetPrice: 100 },
  { _id: 1, quantity: 10, price: 15, targetPrice: 120 }
]
shop> db.sales.find({$expr: {$gt: [{$multiply: ['$quantity', '$price']}, '$targetPrice'] }})
[
  { _id: 2, quantity: 5, price: 25, targetPrice: 100 },
  { _id: 4, quantity: 5, price: 55, targetPrice: 150 },
  { _id: 5, quantity: 5, price: 55, targetPrice: 150 },
  { _id: 3, quantity: 6, price: 35, targetPrice: 100 },
  { _id: 1, quantity: 10, price: 15, targetPrice: 120 }
]
shop> db.sales.find({$expr: {$gt: [{$add: ['$quantity', '$price']}, '$targetPrice'] }})

shop> db.sales.find({$expr: {$lt: [{$add: ['$quantity', '$price']}, '$targetPrice'] }})
[
  { _id: 2, quantity: 5, price: 25, targetPrice: 100 },
  { _id: 4, quantity: 5, price: 55, targetPrice: 150 },
  { _id: 5, quantity: 5, price: 55, targetPrice: 150 },
  { _id: 3, quantity: 6, price: 35, targetPrice: 100 },
  { _id: 1, quantity: 10, price: 15, targetPrice: 120 }
]
shop> db.products.find({price: {$exists: true}})
[
  {
    _id: ObjectId("64c23601e32f4a51b19b9262"),
    name: 'Smartphone Model X',
    company: '64c23350e32f4a51b19b9230',
    price: 699,
    colors: [ '#000000', '#ffffff', '#ff0000' ],
    image: '/images/product-smartphone.png',
    category: '64c2342de32f4a51b19b924e',
    isFeatured: false
  },
  {
    _id: ObjectId("64c23601e32f4a51b19b9265"),
    name: 'Kitchen Blender',
    company: '64c23350e32f4a51b19b9233',
    price: 89,
    colors: [ '#ffffff', '#ff9900', '#990000' ],
    image: '/images/product-blender.png',
    category: '64c2342de32f4a51b19b924f',
    isFeatured: true
  },
  {
    _id: ObjectId("64c23601e32f4a51b19b926a"),
    name: 'Car Jump Starter',
    company: '64c23350e32f4a51b19b9238',
    price: 89,
    colors: [ '#000000', '#999999', '#00ff00' ],
    image: '/images/product-jump-starter.png',
    category: '64c2342de32f4a51b19b924f',
    isFeatured: false
  },
  {
    _id: ObjectId("64c23601e32f4a51b19b926b"),
    name: 'Cookware Set',
    company: '64c23350e32f4a51b19b9239',
    price: 149,
    colors: [ '#ffffff', '#ffcc00', '#cc9900' ],
    image: '/images/product-cookware.png',
    category: '64c2342de32f4a51b19b924f',
    isFeatured: false
  },
  {
    _id: ObjectId("64c23601e32f4a51b19b926c"),
    name: 'Designer Handbag',
    company: '64c23350e32f4a51b19b923a',
    price: 349,
    colors: [ '#000000', '#cc6600', '#663300' ],
    image: '/images/product-handbag.png',
    category: '64c2342de32f4a51b19b9250',
    isFeatured: true
  },
  {
    _id: ObjectId("64c23601e32f4a51b19b926d"),
    name: 'Gym Equipment Set',
    company: '64c23350e32f4a51b19b923b',
    price: 799,
    colors: [ '#333333', '#ff9900', '#660000' ],
    image: '/images/product-gym-equipment.png',
    category: '64c2342de32f4a51b19b925e',
    isFeatured: true
  },
  {
    _id: ObjectId("64c23601e32f4a51b19b926e"),
    name: 'Car Cleaning Kit',
    company: '64c23350e32f4a51b19b923c',
    price: 29,
    colors: [ '#000000', '#666666', '#cc9900' ],
    image: '/images/product-car-cleaning.png',
    category: '64c2342de32f4a51b19b9254',
    isFeatured: false
  },
  {
    _id: ObjectId("64c23601e32f4a51b19b926f"),
    name: 'Cookbook Collection',
    company: '64c23350e32f4a51b19b923d',
    price: 69,
    colors: [ '#ffffff', '#ff9900', '#0099ff' ],
    image: '/images/product-cookbook.png',
    category: '64c2342de32f4a51b19b9255',
    isFeatured: true
  },
  {
    _id: ObjectId("64c23601e32f4a51b19b9270"),
    name: 'Healthy Snack Pack',
    company: '64c23350e32f4a51b19b923e',
    price: 19,
    colors: [ '#ffffff', '#ffcc00', '#99cc00' ],
    image: '/images/product-snack-pack.png',
    category: '64c2342de32f4a51b19b9256',
    isFeatured: true
  },
  {
    _id: ObjectId("64c23601e32f4a51b19b9264"),
    name: 'Smart Watch',
    company: '64c23350e32f4a51b19b9232',
    price: 249,
    colors: [ '#000000', '#ff0000', '#00ff00' ],
    image: '/images/product-smartwatch.png',
    category: '64c2342de32f4a51b19b924e',
    isFeatured: false
  },
  {
    _id: ObjectId("64c23601e32f4a51b19b9263"),
    name: 'Laptop Pro',
    company: '64c23350e32f4a51b19b9231',
    price: 1299,
    colors: [ '#333333', '#cccccc', '#00ff00' ],
    image: '/images/product-laptop.png',
    category: '64c2342de32f4a51b19b924e',
    isFeatured: true
  },
  {
    _id: ObjectId("64c23601e32f4a51b19b9267"),
    name: 'Skin Care Set',
    company: '64c23350e32f4a51b19b9235',
    price: 59,
    colors: [ '#ffffff', '#ff99cc', '#00cc99' ],
    image: '/images/product-skincare.png',
    category: '64c2342de32f4a51b19b9251',
    isFeatured: true
  },
  {
    _id: ObjectId("64c23601e32f4a51b19b9268"),
    name: 'Outdoor Camping Tent',
    company: '64c23350e32f4a51b19b9236',
    price: 299,
    colors: [ '#333333', '#99cc00', '#ffcc00' ],
    image: '/images/product-tent.png',
    category: '64c2342de32f4a51b19b9252',
    isFeatured: false
  },
  {
    _id: ObjectId("64c23601e32f4a51b19b9266"),
    name: 'Fashionable Sunglasses',
    company: '64c23350e32f4a51b19b9234',
    price: 129,
    colors: [ '#000000', '#666666', '#ffcc00' ],
    image: '/images/product-sunglasses.png',
    category: '64c2342de32f4a51b19b9250',
    isFeatured: false
  },
  {
    _id: ObjectId("64c23601e32f4a51b19b9269"),
    name: 'Building Blocks Set',
    company: '64c23350e32f4a51b19b9237',
    price: 49,
    colors: [ '#ff0000', '#00ff00', '#0000ff' ],
    image: '/images/product-building-blocks.png',
    category: '64c2342de32f4a51b19b9253',
    isFeatured: true
  },
  {
    _id: ObjectId("64c2363be32f4a51b19b9273"),
    name: 'Silver Necklace',
    company: '64c23350e32f4a51b19b9240',
    price: 149,
    colors: [ '#ffffff', '#ffcc00', '#cc9900' ],
    image: '/images/product-necklace.png',
    category: '64c2342de32f4a51b19b9259',
    isFeatured: false
  },
  {
    _id: ObjectId("64c2363be32f4a51b19b9271"),
    name: 'Pet Grooming Kit',
    company: '64c23350e32f4a51b19b923e',
    price: 39,
    colors: [ '#ffffff', '#ffcc00', '#99cc00' ],
    image: '/images/product-pet-grooming.png',
    category: '64c2342de32f4a51b19b9257',
    isFeatured: false
  },
  {
    _id: ObjectId("64c2363be32f4a51b19b9272"),
    name: 'Modern Sofa Set',
    company: '64c23350e32f4a51b19b923f',
    price: 899,
    colors: [ '#000000', '#999999', '#cc6600' ],
    image: '/images/product-sofa-set.png',
    category: '64c2342de32f4a51b19b9258',
    isFeatured: true
  },
  {
    _id: ObjectId("64c2363be32f4a51b19b927a"),
    name: 'Slow Cooker',
    company: '64c23350e32f4a51b19b9233',
    price: 79,
    colors: [ '#333333', '#ff9900', '#990000' ],
    image: '/images/product-slow-cooker.png',
    category: '64c2342de32f4a51b19b924f',
    isFeatured: false
  },
  {
    _id: ObjectId("64c2363be32f4a51b19b9279"),
    name: 'Wireless Gaming Mouse',
    company: '64c23350e32f4a51b19b9232',
    price: 49,
    colors: [ '#000000', '#999999', '#00ff00' ],
    image: '/images/product-gaming-mouse.png',
    category: '64c2342de32f4a51b19b924e',
    isFeatured: true
  }
]
Type "it" for more
shop> db.products.find({price: {$exists: false}})

shop> db.products.find({price: {$exists: false}}).count()
0
shop> db.products.find({price: {$exists: false}, price: {$gt:1250}}).count()

3
shop> db.products.find({price: {$exists: false}, price: {$gt:1250}})
[
  {
    _id: ObjectId("64c23601e32f4a51b19b9263"),
    name: 'Laptop Pro',
    company: '64c23350e32f4a51b19b9231',
    price: 1299,
    colors: [ '#333333', '#cccccc', '#00ff00' ],
    image: '/images/product-laptop.png',
    category: '64c2342de32f4a51b19b924e',
    isFeatured: true
  },
  {
    _id: ObjectId("64c236a2e32f4a51b19b9281"),
    name: 'Diamond Ring',
    company: '64c23350e32f4a51b19b923a',
    price: 1999,
    colors: [ '#000000', '#cc6600', '#663300' ],
    image: '/images/product-diamond-ring.png',
    category: '64c2342de32f4a51b19b9259',
    isFeatured: false
  },
  {
    _id: ObjectId("64c23707e32f4a51b19b9296"),
    name: 'Diamond Ring',
    company: '64c23350e32f4a51b19b923a',
    price: 1999,
    colors: [ '#000000', '#cc6600', '#663300' ],
    image: '/images/product-diamond-ring.png',
    category: '64c2342de32f4a51b19b9259',
    isFeatured: false
  }
]
shop> db.products.find({price: {$type: 'number'}})
[
  {
    _id: ObjectId("64c23601e32f4a51b19b9262"),
    name: 'Smartphone Model X',
    company: '64c23350e32f4a51b19b9230',
    price: 699,
    colors: [ '#000000', '#ffffff', '#ff0000' ],
    image: '/images/product-smartphone.png',
    category: '64c2342de32f4a51b19b924e',
    isFeatured: false
  },
  {
    _id: ObjectId("64c23601e32f4a51b19b9265"),
    name: 'Kitchen Blender',
    company: '64c23350e32f4a51b19b9233',
    price: 89,
    colors: [ '#ffffff', '#ff9900', '#990000' ],
    image: '/images/product-blender.png',
    category: '64c2342de32f4a51b19b924f',
    isFeatured: true
  },
  {
    _id: ObjectId("64c23601e32f4a51b19b926a"),
    name: 'Car Jump Starter',
    company: '64c23350e32f4a51b19b9238',
    price: 89,
    colors: [ '#000000', '#999999', '#00ff00' ],
    image: '/images/product-jump-starter.png',
    category: '64c2342de32f4a51b19b924f',
    isFeatured: false
  },
  {
    _id: ObjectId("64c23601e32f4a51b19b926b"),
    name: 'Cookware Set',
    company: '64c23350e32f4a51b19b9239',
    price: 149,
    colors: [ '#ffffff', '#ffcc00', '#cc9900' ],
    image: '/images/product-cookware.png',
    category: '64c2342de32f4a51b19b924f',
    isFeatured: false
  },
  {
    _id: ObjectId("64c23601e32f4a51b19b926c"),
    name: 'Designer Handbag',
    company: '64c23350e32f4a51b19b923a',
    price: 349,
    colors: [ '#000000', '#cc6600', '#663300' ],
    image: '/images/product-handbag.png',
    category: '64c2342de32f4a51b19b9250',
    isFeatured: true
  },
  {
    _id: ObjectId("64c23601e32f4a51b19b926d"),
    name: 'Gym Equipment Set',
    company: '64c23350e32f4a51b19b923b',
    price: 799,
    colors: [ '#333333', '#ff9900', '#660000' ],
    image: '/images/product-gym-equipment.png',
    category: '64c2342de32f4a51b19b925e',
    isFeatured: true
  },
  {
    _id: ObjectId("64c23601e32f4a51b19b926e"),
    name: 'Car Cleaning Kit',
    company: '64c23350e32f4a51b19b923c',
    price: 29,
    colors: [ '#000000', '#666666', '#cc9900' ],
    image: '/images/product-car-cleaning.png',
    category: '64c2342de32f4a51b19b9254',
    isFeatured: false
  },
  {
    _id: ObjectId("64c23601e32f4a51b19b926f"),
    name: 'Cookbook Collection',
    company: '64c23350e32f4a51b19b923d',
    price: 69,
    colors: [ '#ffffff', '#ff9900', '#0099ff' ],
    image: '/images/product-cookbook.png',
    category: '64c2342de32f4a51b19b9255',
    isFeatured: true
  },
  {
    _id: ObjectId("64c23601e32f4a51b19b9270"),
    name: 'Healthy Snack Pack',
    company: '64c23350e32f4a51b19b923e',
    price: 19,
    colors: [ '#ffffff', '#ffcc00', '#99cc00' ],
    image: '/images/product-snack-pack.png',
    category: '64c2342de32f4a51b19b9256',
    isFeatured: true
  },
  {
    _id: ObjectId("64c23601e32f4a51b19b9264"),
    name: 'Smart Watch',
    company: '64c23350e32f4a51b19b9232',
    price: 249,
    colors: [ '#000000', '#ff0000', '#00ff00' ],
    image: '/images/product-smartwatch.png',
    category: '64c2342de32f4a51b19b924e',
    isFeatured: false
  },
  {
    _id: ObjectId("64c23601e32f4a51b19b9263"),
    name: 'Laptop Pro',
    company: '64c23350e32f4a51b19b9231',
    price: 1299,
    colors: [ '#333333', '#cccccc', '#00ff00' ],
    image: '/images/product-laptop.png',
    category: '64c2342de32f4a51b19b924e',
    isFeatured: true
  },
  {
    _id: ObjectId("64c23601e32f4a51b19b9267"),
    name: 'Skin Care Set',
    company: '64c23350e32f4a51b19b9235',
    price: 59,
    colors: [ '#ffffff', '#ff99cc', '#00cc99' ],
    image: '/images/product-skincare.png',
    category: '64c2342de32f4a51b19b9251',
    isFeatured: true
  },
  {
    _id: ObjectId("64c23601e32f4a51b19b9268"),
    name: 'Outdoor Camping Tent',
    company: '64c23350e32f4a51b19b9236',
    price: 299,
    colors: [ '#333333', '#99cc00', '#ffcc00' ],
    image: '/images/product-tent.png',
    category: '64c2342de32f4a51b19b9252',
    isFeatured: false
  },
  {
    _id: ObjectId("64c23601e32f4a51b19b9266"),
    name: 'Fashionable Sunglasses',
    company: '64c23350e32f4a51b19b9234',
    price: 129,
    colors: [ '#000000', '#666666', '#ffcc00' ],
    image: '/images/product-sunglasses.png',
    category: '64c2342de32f4a51b19b9250',
    isFeatured: false
  },
  {
    _id: ObjectId("64c23601e32f4a51b19b9269"),
    name: 'Building Blocks Set',
    company: '64c23350e32f4a51b19b9237',
    price: 49,
    colors: [ '#ff0000', '#00ff00', '#0000ff' ],
    image: '/images/product-building-blocks.png',
    category: '64c2342de32f4a51b19b9253',
    isFeatured: true
  },
  {
    _id: ObjectId("64c2363be32f4a51b19b9273"),
    name: 'Silver Necklace',
    company: '64c23350e32f4a51b19b9240',
    price: 149,
    colors: [ '#ffffff', '#ffcc00', '#cc9900' ],
    image: '/images/product-necklace.png',
    category: '64c2342de32f4a51b19b9259',
    isFeatured: false
  },
  {
    _id: ObjectId("64c2363be32f4a51b19b9271"),
    name: 'Pet Grooming Kit',
    company: '64c23350e32f4a51b19b923e',
    price: 39,
    colors: [ '#ffffff', '#ffcc00', '#99cc00' ],
    image: '/images/product-pet-grooming.png',
    category: '64c2342de32f4a51b19b9257',
    isFeatured: false
  },
  {
    _id: ObjectId("64c2363be32f4a51b19b9272"),
    name: 'Modern Sofa Set',
    company: '64c23350e32f4a51b19b923f',
    price: 899,
    colors: [ '#000000', '#999999', '#cc6600' ],
    image: '/images/product-sofa-set.png',
    category: '64c2342de32f4a51b19b9258',
    isFeatured: true
  },
  {
    _id: ObjectId("64c2363be32f4a51b19b927a"),
    name: 'Slow Cooker',
    company: '64c23350e32f4a51b19b9233',
    price: 79,
    colors: [ '#333333', '#ff9900', '#990000' ],
    image: '/images/product-slow-cooker.png',
    category: '64c2342de32f4a51b19b924f',
    isFeatured: false
  },
  {
    _id: ObjectId("64c2363be32f4a51b19b9279"),
    name: 'Wireless Gaming Mouse',
    company: '64c23350e32f4a51b19b9232',
    price: 49,
    colors: [ '#000000', '#999999', '#00ff00' ],
    image: '/images/product-gaming-mouse.png',
    category: '64c2342de32f4a51b19b924e',
    isFeatured: true
  }
]
Type "it" for more
shop> db.products.find({price: {$type: 'number'}}).count()
10355
shop> db.products.find({price: {$type: 'string'}}).count()
0
shop> db.products.find({isFeatured: {$type: 'bool'}}).count()
10355
shop> db.products.find({isFeatured: {$type: 8}}).count()
10355
shop> db.products.find({isFeatured: {$type: 2}}).count()
0
shop> db.products.find({name: {$type: 2}}).count()
10355


C:\Users\VIDIT SRIVASTAVA>mongo import "D:\MongoDb Tutorial\Thapa Technical
MongoDB Import Files\comments.json" -d shop -c comments
'mongo' is not recognized as an internal or external command,
operable program or batch file.

C:\Users\VIDIT SRIVASTAVA>mongoimport "D:\MongoDb Tutorial\Thapa Technical MongoDB Import Files\comments.json" -d shop -c comments
2024-09-22T15:00:46.925+0530    connected to: mongodb://localhost/
2024-09-22T15:00:47.043+0530    7 document(s) imported successfully. 0 document(s) failed to import.

C:\Users\VIDIT SRIVASTAVA>mongosh
Current Mongosh Log ID: 66efe3e194808c6effa17262
Connecting to:          mongodb://127.0.0.1:27017/?directConnection=true&serverSelectionTimeoutMS=2000&appName=mongosh+2.0.1
Using MongoDB:          7.0.2
Using Mongosh:          2.0.1
mongosh 2.3.1 is available for download: https://www.mongodb.com/try/download/shell

For mongosh info see: https://docs.mongodb.com/mongodb-shell/

------
   The server generated these startup warnings when booting
   2024-09-15T10:53:50.560+05:30: Access control is not enabled for the database. Read and write access to data and configuration is unrestricted
------

test> show dbs
admin          40.00 KiB
config         96.00 KiB
contactDance   88.00 KiB
employees     200.00 KiB
local          88.00 KiB
shop          756.00 KiB
students       72.00 KiB
test> use shop
switched to db shop
shop> show collections
categories
comments
products
sales
shop> db.comments.find()
[
  {
    _id: 6,
    title: 'Schema Design Best Practices',
    content: 'Designing schemas for optimal performance...',
    author: 'Emily Brown',
    comments: [
      { user: 'Kevin', text: 'Invaluable insights!' },
      { user: 'Lily', text: 'Well-structured explanations.' }
    ],
    metadata: { views: 700, likes: 65 }
  },
  {
    _id: 2,
    title: 'Deep Dive into Aggregation Framework',
    content: 'The aggregation framework in MongoDB...',
    author: 'Jane Smith',
    comments: [
      { user: 'Charlie', text: 'Very informative!' },
      { user: 'David', text: 'Well explained.' }
    ],
    metadata: { views: 800, likes: 70 }
  },
  {
    _id: 7,
    title: 'Introduction to MongoDB',
    content: 'MongoDB is a popular NoSQL database...',
    author: 'Vinod Thapa',
    comments: [
      { user: 'Alice', text: 'Awesome article!' },
      { user: 'Vinod', text: 'Thanks for sharing.' }
    ],
    metadata: { views: 1000, likes: 70 }
  },
  {
    _id: 1,
    title: 'Introduction to MongoDB',
    content: 'MongoDB is a popular NoSQL database...',
    author: 'John Doe',
    comments: [
      { user: 'Alice', text: 'Great article!' },
      { user: 'Bob', text: 'Thanks for sharing.' },
      { user: 'Eva', text: 'Its beatifull!' },
      { user: 'jessy' }
    ],
    metadata: { views: 1000, likes: 50 }
  },
  {
    _id: 4,
    title: 'Advanced Queries in MongoDB',
    content: 'Learn how to write complex queries...',
    author: 'Michael Johnson',
    comments: [
      { user: 'Grace', text: 'Mind-blowing content!' },
      { user: 'Henry', text: 'Impressive examples.' }
    ],
    metadata: { views: 1500, likes: 60 }
  },
  {
    _id: 3,
    title: 'Getting Started with NoSQL Databases',
    content: 'NoSQL databases provide flexible data models...',
    author: 'Sarah Williams',
    comments: [
      { user: 'Eva', text: 'Very helpful!' },
      { user: 'Frank', text: 'Clear explanations.' }
    ],
    metadata: { views: 1200, likes: 40 }
  },
  {
    _id: 5,
    title: 'Optimizing MongoDB Performance',
    content: 'Tips and tricks to improve MongoDB performance...',
    author: 'Alex Turner',
    comments: [
      { user: 'Ivy', text: 'Very practical advice!' },
      { user: 'Jack', text: 'Helped me a lot.' }
    ],
    metadata: { views: 900, likes: 55 }
  }
]
shop> db.comments.find({'comments' : {$size:4}})
[
  {
    _id: 1,
    title: 'Introduction to MongoDB',
    content: 'MongoDB is a popular NoSQL database...',
    author: 'John Doe',
    comments: [
      { user: 'Alice', text: 'Great article!' },
      { user: 'Bob', text: 'Thanks for sharing.' },
      { user: 'Eva', text: 'Its beatifull!' },
      { user: 'jessy' }
    ],
    metadata: { views: 1000, likes: 50 }
  }
]
shop> db.comments.find({'comments' : {$size:3}})

shop> db.comments.find({'comments' : {$size:2}})
[
  {
    _id: 6,
    title: 'Schema Design Best Practices',
    content: 'Designing schemas for optimal performance...',
    author: 'Emily Brown',
    comments: [
      { user: 'Kevin', text: 'Invaluable insights!' },
      { user: 'Lily', text: 'Well-structured explanations.' }
    ],
    metadata: { views: 700, likes: 65 }
  },
  {
    _id: 2,
    title: 'Deep Dive into Aggregation Framework',
    content: 'The aggregation framework in MongoDB...',
    author: 'Jane Smith',
    comments: [
      { user: 'Charlie', text: 'Very informative!' },
      { user: 'David', text: 'Well explained.' }
    ],
    metadata: { views: 800, likes: 70 }
  },
  {
    _id: 7,
    title: 'Introduction to MongoDB',
    content: 'MongoDB is a popular NoSQL database...',
    author: 'Vinod Thapa',
    comments: [
      { user: 'Alice', text: 'Awesome article!' },
      { user: 'Vinod', text: 'Thanks for sharing.' }
    ],
    metadata: { views: 1000, likes: 70 }
  },
  {
    _id: 4,
    title: 'Advanced Queries in MongoDB',
    content: 'Learn how to write complex queries...',
    author: 'Michael Johnson',
    comments: [
      { user: 'Grace', text: 'Mind-blowing content!' },
      { user: 'Henry', text: 'Impressive examples.' }
    ],
    metadata: { views: 1500, likes: 60 }
  },
  {
    _id: 3,
    title: 'Getting Started with NoSQL Databases',
    content: 'NoSQL databases provide flexible data models...',
    author: 'Sarah Williams',
    comments: [
      { user: 'Eva', text: 'Very helpful!' },
      { user: 'Frank', text: 'Clear explanations.' }
    ],
    metadata: { views: 1200, likes: 40 }
  },
  {
    _id: 5,
    title: 'Optimizing MongoDB Performance',
    content: 'Tips and tricks to improve MongoDB performance...',
    author: 'Alex Turner',
    comments: [
      { user: 'Ivy', text: 'Very practical advice!' },
      { user: 'Jack', text: 'Helped me a lot.' }
    ],
    metadata: { views: 900, likes: 55 }
  }
]
shop> db.comments.find({'comments' : {$size:2}, {comments:1}})
Uncaught:
SyntaxError: Unexpected token (1:42)

> 1 | db.comments.find({'comments' : {$size:2}, {comments:1}})
    |                                           ^
  2 |

shop> db.comments.find({'comments' : {$size:2}, {'comments':1}})
Uncaught:
SyntaxError: Unexpected token (1:42)

> 1 | db.comments.find({'comments' : {$size:2}, {'comments':1}})
    |                                           ^
  2 |

shop> db.comments.find({'comments' : {$size:2}, {comments:1}})
Uncaught:
SyntaxError: Unexpected token (1:42)

> 1 | db.comments.find({'comments' : {$size:2}, {comments:1}})
    |                                           ^
  2 |

shop> db.comments.find({'comments' : {$size:2}}, {comments:1})
[
  {
    _id: 6,
    comments: [
      { user: 'Kevin', text: 'Invaluable insights!' },
      { user: 'Lily', text: 'Well-structured explanations.' }
    ]
  },
  {
    _id: 2,
    comments: [
      { user: 'Charlie', text: 'Very informative!' },
      { user: 'David', text: 'Well explained.' }
    ]
  },
  {
    _id: 7,
    comments: [
      { user: 'Alice', text: 'Awesome article!' },
      { user: 'Vinod', text: 'Thanks for sharing.' }
    ]
  },
  {
    _id: 4,
    comments: [
      { user: 'Grace', text: 'Mind-blowing content!' },
      { user: 'Henry', text: 'Impressive examples.' }
    ]
  },
  {
    _id: 3,
    comments: [
      { user: 'Eva', text: 'Very helpful!' },
      { user: 'Frank', text: 'Clear explanations.' }
    ]
  },
  {
    _id: 5,
    comments: [
      { user: 'Ivy', text: 'Very practical advice!' },
      { user: 'Jack', text: 'Helped me a lot.' }
    ]
  }
]
shop> db.comments.find({'comments' : {$size:2}}, {comments:1, _id:0})
[
  {
    comments: [
      { user: 'Kevin', text: 'Invaluable insights!' },
      { user: 'Lily', text: 'Well-structured explanations.' }
    ]
  },
  {
    comments: [
      { user: 'Charlie', text: 'Very informative!' },
      { user: 'David', text: 'Well explained.' }
    ]
  },
  {
    comments: [
      { user: 'Alice', text: 'Awesome article!' },
      { user: 'Vinod', text: 'Thanks for sharing.' }
    ]
  },
  {
    comments: [
      { user: 'Grace', text: 'Mind-blowing content!' },
      { user: 'Henry', text: 'Impressive examples.' }
    ]
  },
  {
    comments: [
      { user: 'Eva', text: 'Very helpful!' },
      { user: 'Frank', text: 'Clear explanations.' }
    ]
  },
  {
    comments: [
      { user: 'Ivy', text: 'Very practical advice!' },
      { user: 'Jack', text: 'Helped me a lot.' }
    ]
  }
]
shop> db.comments.find({'comments' : {$size:2}}, {title:1, _id:0})
[
  { title: 'Schema Design Best Practices' },
  { title: 'Deep Dive into Aggregation Framework' },
  { title: 'Introduction to MongoDB' },
  { title: 'Advanced Queries in MongoDB' },
  { title: 'Getting Started with NoSQL Databases' },
  { title: 'Optimizing MongoDB Performance' }
]
shop> db.comments.find({'comments' : {$size:2}}, {title:1, author:0 _id:0})
Uncaught:
SyntaxError: Unexpected token, expected "," (1:62)

> 1 | db.comments.find({'comments' : {$size:2}}, {title:1, author:0 _id:0})
    |                                                               ^
  2 |

shop> db.comments.find({'comments' : {$size:2}}, {title:1, author:0, _id:0})

MongoServerError: Cannot do exclusion on field author in inclusion projection
shop> db.comments.find({'comments' : {$size:2}}, {title:1, author:1, _id:0})

[
  { title: 'Schema Design Best Practices', author: 'Emily Brown' },
  {
    title: 'Deep Dive into Aggregation Framework',
    author: 'Jane Smith'
  },
  { title: 'Introduction to MongoDB', author: 'Vinod Thapa' },
  { title: 'Advanced Queries in MongoDB', author: 'Michael Johnson' },
  {
    title: 'Getting Started with NoSQL Databases',
    author: 'Sarah Williams'
  },
  { title: 'Optimizing MongoDB Performance', author: 'Alex Turner' }
]
shop> db.comments.find({'comments.user':'Lily'})
[
  {
    _id: 6,
    title: 'Schema Design Best Practices',
    content: 'Designing schemas for optimal performance...',
    author: 'Emily Brown',
    comments: [
      { user: 'Kevin', text: 'Invaluable insights!' },
      { user: 'Lily', text: 'Well-structured explanations.' }
    ],
    metadata: { views: 700, likes: 65 }
  }
]
shop> db.comments.find()
[
  {
    _id: 6,
    title: 'Schema Design Best Practices',
    content: 'Designing schemas for optimal performance...',
    author: 'Emily Brown',
    comments: [
      { user: 'Kevin', text: 'Invaluable insights!' },
      { user: 'Lily', text: 'Well-structured explanations.' }
    ],
    metadata: { views: 700, likes: 65 }
  },
  {
    _id: 2,
    title: 'Deep Dive into Aggregation Framework',
    content: 'The aggregation framework in MongoDB...',
    author: 'Jane Smith',
    comments: [
      { user: 'Charlie', text: 'Very informative!' },
      { user: 'David', text: 'Well explained.' }
    ],
    metadata: { views: 800, likes: 70 }
  },
  {
    _id: 7,
    title: 'Introduction to MongoDB',
    content: 'MongoDB is a popular NoSQL database...',
    author: 'Vinod Thapa',
    comments: [
      { user: 'Alice', text: 'Awesome article!' },
      { user: 'Vinod', text: 'Thanks for sharing.' }
    ],
    metadata: { views: 1000, likes: 70 }
  },
  {
    _id: 1,
    title: 'Introduction to MongoDB',
    content: 'MongoDB is a popular NoSQL database...',
    author: 'John Doe',
    comments: [
      { user: 'Alice', text: 'Great article!' },
      { user: 'Bob', text: 'Thanks for sharing.' },
      { user: 'Eva', text: 'Its beatifull!' },
      { user: 'jessy' }
    ],
    metadata: { views: 1000, likes: 50 }
  },
  {
    _id: 4,
    title: 'Advanced Queries in MongoDB',
    content: 'Learn how to write complex queries...',
    author: 'Michael Johnson',
    comments: [
      { user: 'Grace', text: 'Mind-blowing content!' },
      { user: 'Henry', text: 'Impressive examples.' }
    ],
    metadata: { views: 1500, likes: 60 }
  },
  {
    _id: 3,
    title: 'Getting Started with NoSQL Databases',
    content: 'NoSQL databases provide flexible data models...',
    author: 'Sarah Williams',
    comments: [
      { user: 'Eva', text: 'Very helpful!' },
      { user: 'Frank', text: 'Clear explanations.' }
    ],
    metadata: { views: 1200, likes: 40 }
  },
  {
    _id: 5,
    title: 'Optimizing MongoDB Performance',
    content: 'Tips and tricks to improve MongoDB performance...',
    author: 'Alex Turner',
    comments: [
      { user: 'Ivy', text: 'Very practical advice!' },
      { user: 'Jack', text: 'Helped me a lot.' }
    ],
    metadata: { views: 900, likes: 55 }
  }
]
shop> db.comments.find({'metadata.views': {$gt:1200}})
[
  {
    _id: 4,
    title: 'Advanced Queries in MongoDB',
    content: 'Learn how to write complex queries...',
    author: 'Michael Johnson',
    comments: [
      { user: 'Grace', text: 'Mind-blowing content!' },
      { user: 'Henry', text: 'Impressive examples.' }
    ],
    metadata: { views: 1500, likes: 60 }
  }
]
shop> db.products.find({$and: [{'comments.user':'Henry'}, {'metadata.likes':{$gt:50}}]})

shop> db.comments.find({$and: [{'comments.user':'Henry'}, {'metadata.likes':{$gt:50}}]})
[
  {
    _id: 4,
    title: 'Advanced Queries in MongoDB',
    content: 'Learn how to write complex queries...',
    author: 'Michael Johnson',
    comments: [
      { user: 'Grace', text: 'Mind-blowing content!' },
      { user: 'Henry', text: 'Impressive examples.' }
    ],
    metadata: { views: 1500, likes: 60 }
  }
]
shop> db.comments.find({$and: [{'comments.user':'Alice'}, {'comments.user':'Vinod'}]},{comments:1, _id:0})
[
  {
    comments: [
      { user: 'Alice', text: 'Awesome article!' },
      { user: 'Vinod', text: 'Thanks for sharing.' }
    ]
  }
]
shop> db.comments.find({'comments.user':{$all: ['Alice', 'Vinod']}})
[
  {
    _id: 7,
    title: 'Introduction to MongoDB',
    content: 'MongoDB is a popular NoSQL database...',
    author: 'Vinod Thapa',
    comments: [
      { user: 'Alice', text: 'Awesome article!' },
      { user: 'Vinod', text: 'Thanks for sharing.' }
    ],
    metadata: { views: 1000, likes: 70 }
  }
]
shop> db.comments.find({'comments' : {$elemMatch: {'user':'Vinod', 'text':'Thanks for sharing.'}}})
[
  {
    _id: 7,
    title: 'Introduction to MongoDB',
    content: 'MongoDB is a popular NoSQL database...',
    author: 'Vinod Thapa',
    comments: [
      { user: 'Alice', text: 'Awesome article!' },
      { user: 'Vinod', text: 'Thanks for sharing.' }
    ],
    metadata: { views: 1000, likes: 70 }
  }
]

shop> db.products.find({'price':{$gt: 1439}})
[
  {
    _id: ObjectId("64c236a2e32f4a51b19b9281"),
    name: 'Diamond Ring',
    company: '64c23350e32f4a51b19b923a',
    price: 1999,
    colors: [ '#000000', '#cc6600', '#663300' ],
    image: '/images/product-diamond-ring.png',
    category: '64c2342de32f4a51b19b9259',
    isFeatured: false
  },
  {
    _id: ObjectId("64c23707e32f4a51b19b9296"),
    name: 'Diamond Ring',
    company: '64c23350e32f4a51b19b923a',
    price: 1999,
    colors: [ '#000000', '#cc6600', '#663300' ],
    image: '/images/product-diamond-ring.png',
    category: '64c2342de32f4a51b19b9259',
    isFeatured: false
  }
]
shop> db.products.updateOne({_id: ObjectId("64c23707e32f4a51b19b9296")}, {$set: {'price':45}})
{
  acknowledged: true,
  insertedId: null,
  matchedCount: 1,
  modifiedCount: 1,
  upsertedCount: 0
}
shop> db.products.findOne({_id: ObjectId("64c23707e32f4a51b19b9296")})
{
  _id: ObjectId("64c23707e32f4a51b19b9296"),
  name: 'Diamond Ring',
  company: '64c23350e32f4a51b19b923a',
  price: 45,
  colors: [ '#000000', '#cc6600', '#663300' ],
  image: '/images/product-diamond-ring.png',
  category: '64c2342de32f4a51b19b9259',
  isFeatured: false
}
shop> db.products.findOne({'name':'Designer Handbag'})
{
  _id: ObjectId("64c23601e32f4a51b19b926c"),
  name: 'Designer Handbag',
  company: '64c23350e32f4a51b19b923a',
  price: 349,
  colors: [ '#000000', '#cc6600', '#663300' ],
  image: '/images/product-handbag.png',
  category: '64c2342de32f4a51b19b9250',
  isFeatured: true
}
shop> db.products.updateOne({'name':'Designer Handbag'}, {$set: {'isFeatured': false}})
{
  acknowledged: true,
  insertedId: null,
  matchedCount: 1,
  modifiedCount: 1,
  upsertedCount: 0
}
shop> db.products.findOne({'name':'Designer Handbag'})
{
  _id: ObjectId("64c23601e32f4a51b19b926c"),
  name: 'Designer Handbag',
  company: '64c23350e32f4a51b19b923a',
  price: 349,
  colors: [ '#000000', '#cc6600', '#663300' ],
  image: '/images/product-handbag.png',
  category: '64c2342de32f4a51b19b9250',
  isFeatured: false
}
shop> db.products.find({price: 120})
[
  {
    _id: ObjectId("64c23edf9dc1fb2f85602168"),
    name: 'Ergonomic Granite Sausages',
    company: ObjectId("64c23350e32f4a51b19b9240"),
    price: 120,
    colors: [ '#641e3b' ],
    image: '/images/product-Luxurious.png',
    category: ObjectId("64c2342de32f4a51b19b925f"),
    isFeatured: false,
    __v: 0
  },
  {
    _id: ObjectId("64c23edf9dc1fb2f85602c38"),
    name: 'Unbranded Frozen Chicken',
    company: ObjectId("64c23350e32f4a51b19b9234"),
    price: 120,
    colors: [ '#146d77' ],
    image: '/images/product-Tasty.png',
    category: ObjectId("64c2342de32f4a51b19b9261"),
    isFeatured: false,
    __v: 0
  },
  {
    _id: ObjectId("64c23f13f8ffc4957dc4f16e"),
    name: 'Electronic Concrete Bacon',
    company: ObjectId("64c23350e32f4a51b19b923f"),
    price: 120,
    colors: [ '#383d3d' ],
    image: '/images/product-Fantastic.png',
    category: ObjectId("64c2342de32f4a51b19b9258"),
    isFeatured: false,
    __v: 0
  },
  {
    _id: ObjectId("64c23f13f8ffc4957dc4fe9e"),
    name: 'Practical Concrete Ball',
    company: ObjectId("64c23350e32f4a51b19b9230"),
    price: 120,
    colors: [ '#34221e' ],
    image: '/images/product-Sleek.png',
    category: ObjectId("64c2342de32f4a51b19b9250"),
    isFeatured: false,
    __v: 0
  },
  {
    _id: ObjectId("64c23f13f8ffc4957dc4ff92"),
    name: 'Incredible Plastic Sausages',
    company: ObjectId("64c23350e32f4a51b19b9242"),
    price: 120,
    colors: [ '#332648' ],
    image: '/images/product-Ergonomic.png',
    category: ObjectId("64c2342de32f4a51b19b9256"),
    isFeatured: false,
    __v: 0
  }
]
shop> db.products.updateMany({price:120}, {$set: {'isFeatured': true}})
{
  acknowledged: true,
  insertedId: null,
  matchedCount: 5,
  modifiedCount: 5,
  upsertedCount: 0
}
shop> db.products.find({price: 120})
[
  {
    _id: ObjectId("64c23edf9dc1fb2f85602168"),
    name: 'Ergonomic Granite Sausages',
    company: ObjectId("64c23350e32f4a51b19b9240"),
    price: 120,
    colors: [ '#641e3b' ],
    image: '/images/product-Luxurious.png',
    category: ObjectId("64c2342de32f4a51b19b925f"),
    isFeatured: true,
    __v: 0
  },
  {
    _id: ObjectId("64c23edf9dc1fb2f85602c38"),
    name: 'Unbranded Frozen Chicken',
    company: ObjectId("64c23350e32f4a51b19b9234"),
    price: 120,
    colors: [ '#146d77' ],
    image: '/images/product-Tasty.png',
    category: ObjectId("64c2342de32f4a51b19b9261"),
    isFeatured: true,
    __v: 0
  },
  {
    _id: ObjectId("64c23f13f8ffc4957dc4f16e"),
    name: 'Electronic Concrete Bacon',
    company: ObjectId("64c23350e32f4a51b19b923f"),
    price: 120,
    colors: [ '#383d3d' ],
    image: '/images/product-Fantastic.png',
    category: ObjectId("64c2342de32f4a51b19b9258"),
    isFeatured: true,
    __v: 0
  },
  {
    _id: ObjectId("64c23f13f8ffc4957dc4fe9e"),
    name: 'Practical Concrete Ball',
    company: ObjectId("64c23350e32f4a51b19b9230"),
    price: 120,
    colors: [ '#34221e' ],
    image: '/images/product-Sleek.png',
    category: ObjectId("64c2342de32f4a51b19b9250"),
    isFeatured: true,
    __v: 0
  },
  {
    _id: ObjectId("64c23f13f8ffc4957dc4ff92"),
    name: 'Incredible Plastic Sausages',
    company: ObjectId("64c23350e32f4a51b19b9242"),
    price: 120,
    colors: [ '#332648' ],
    image: '/images/product-Ergonomic.png',
    category: ObjectId("64c2342de32f4a51b19b9256"),
    isFeatured: true,
    __v: 0
  }
]
shop> db.products.updateMany({price:120}, {$rename: {'isFeatured' : 'isFeature'}})
{
  acknowledged: true,
  insertedId: null,
  matchedCount: 5,
  modifiedCount: 5,
  upsertedCount: 0
}
shop> db.comments.find().limit(1)
[
  {
    _id: 6,
    title: 'Schema Design Best Practices',
    content: 'Designing schemas for optimal performance...',
    author: 'Emily Brown',
    comments: [
      { user: 'Kevin', text: 'Invaluable insights!' },
      { user: 'Lily', text: 'Well-structured explanations.' }
    ],
    metadata: { views: 700, likes: 65 }
  }
]
shop> db.comments.updateOne({_id: 6}, {$set: {'name': 'Jessy'}})
{
  acknowledged: true,
  insertedId: null,
  matchedCount: 1,
  modifiedCount: 1,
  upsertedCount: 0
}
shop> db.comments.find().limit(1)
[
  {
    _id: 6,
    title: 'Schema Design Best Practices',
    content: 'Designing schemas for optimal performance...',
    author: 'Emily Brown',
    comments: [
      { user: 'Kevin', text: 'Invaluable insights!' },
      { user: 'Lily', text: 'Well-structured explanations.' }
    ],
    metadata: { views: 700, likes: 65 },
    name: 'Jessy'
  }
]
shop> db.comments.updateOne({_id: 6}, {$unset: {'name': 1}})
{
  acknowledged: true,
  insertedId: null,
  matchedCount: 1,
  modifiedCount: 1,
  upsertedCount: 0
}
shop> db.comments.find().limit(1)
[
  {
    _id: 6,
    title: 'Schema Design Best Practices',
    content: 'Designing schemas for optimal performance...',
    author: 'Emily Brown',
    comments: [
      { user: 'Kevin', text: 'Invaluable insights!' },
      { user: 'Lily', text: 'Well-structured explanations.' }
    ],
    metadata: { views: 700, likes: 65 }
  }
]
shop> db.comments.udpdateOne({_id:6}, {$push: {comments : {user: 'Jay', text: 'Valuable lesson'}}})
TypeError: db.comments.udpdateOne is not a function
shop> db.comments.updateOne({_id:6}, {$push: {comments : {user: 'Jay', text: 'Valuable lesson'}}})
{
  acknowledged: true,
  insertedId: null,
  matchedCount: 1,
  modifiedCount: 1,
  upsertedCount: 0
}
shop> db.comments.find().limit(1)
[
  {
    _id: 6,
    title: 'Schema Design Best Practices',
    content: 'Designing schemas for optimal performance...',
    author: 'Emily Brown',
    comments: [
      { user: 'Kevin', text: 'Invaluable insights!' },
      { user: 'Lily', text: 'Well-structured explanations.' },
      { user: 'Jay', text: 'Valuable lesson' }
    ],
    metadata: { views: 700, likes: 65 }
  }
]
shop> db.comments.updateOne({_id:6}, {$pop: {comments: 1}})
{
  acknowledged: true,
  insertedId: null,
  matchedCount: 1,
  modifiedCount: 1,
  upsertedCount: 0
}
shop> db.comments.find().limit(1)
[
  {
    _id: 6,
    title: 'Schema Design Best Practices',
    content: 'Designing schemas for optimal performance...',
    author: 'Emily Brown',
    comments: [
      { user: 'Kevin', text: 'Invaluable insights!' },
      { user: 'Lily', text: 'Well-structured explanations.' }
    ],
    metadata: { views: 700, likes: 65 }
  }
]
shop> db.comments.updateOne({_id:6, 'comments.user':'Kevin'}, {$set: {comments.$.text: 'Awesome Vidit'}})
Uncaught:
SyntaxError: Unexpected token, expected "," (1:72)

> 1 | db.comments.updateOne({_id:6, 'comments.user':'Kevin'}, {$set: {comments.$.text: 'Awesome Vidit'}})
    |
  ^
  2 |

shop> db.comments.updateOne({_id:6, 'comments.user':'Kevin'}, {$set: {'comments.$.text': 'Awesome Vidit'}})
{
  acknowledged: true,
  insertedId: null,
  matchedCount: 1,
  modifiedCount: 1,
  upsertedCount: 0
}
shop> db.comments.find().limit(1)
[
  {
    _id: 6,
    title: 'Schema Design Best Practices',
    content: 'Designing schemas for optimal performance...',
    author: 'Emily Brown',
    comments: [
      { user: 'Kevin', text: 'Awesome Vidit' },
      { user: 'Lily', text: 'Well-structured explanations.' }
    ],
    metadata: { views: 700, likes: 65 }
  }
]
shop> db.comments.deleteOne({_id:1})
{ acknowledged: true, deletedCount: 1 }
shop> db.comments.deleteMany({_id:1})
{ acknowledged: true, deletedCount: 0 }
shop> db.products.find({'name': 'Air Fryer'}).explain()
{
  explainVersion: '2',
  queryPlanner: {
    namespace: 'shop.products',
    indexFilterSet: false,
    parsedQuery: { name: { '$eq': 'Air Fryer' } },
    queryHash: '1AD872C6',
    planCacheKey: 'FFE2E2B2',
    maxIndexedOrSolutionsReached: false,
    maxIndexedAndSolutionsReached: false,
    maxScansToExplodeReached: false,
    winningPlan: {
      queryPlan: {
        stage: 'COLLSCAN',
        planNodeId: 1,
        filter: { name: { '$eq': 'Air Fryer' } },
        direction: 'forward'
      },
      slotBasedPlan: {
        slots: '$$RESULT=s5 env: { s7 = "Air Fryer", s1 = TimeZoneDatabase(Etc/Greenwich...Africa/Freetown) (timeZoneDB), s3 = 1727004417631 (NOW), s2 = Nothing (SEARCH_META) }',
        stages: '[1] filter {traverseF(s4, lambda(l1.0) { ((l1.0 == s7) ?: false) }, false)} \n' +
          '[1] scan s5 s6 none none none none lowPriority [s4 = name] @"921167b7-9b06-4819-807b-38fdf57025af" true false '
      }
    },
    rejectedPlans: []
  },
  command: { find: 'products', filter: { name: 'Air Fryer' }, '$db': 'shop' },
  serverInfo: {
    host: 'DESKTOP-UI7GDUL',
    port: 27017,
    version: '7.0.2',
    gitVersion: '02b3c655e1302209ef046da6ba3ef6749dd0b62a'
  },
  serverParameters: {
    internalQueryFacetBufferSizeBytes: 104857600,
    internalQueryFacetMaxOutputDocSizeBytes: 104857600,
    internalLookupStageIntermediateDocumentMaxSizeBytes: 104857600,
    internalDocumentSourceGroupMaxMemoryBytes: 104857600,
    internalQueryMaxBlockingSortMemoryUsageBytes: 104857600,
    internalQueryProhibitBlockingMergeOnMongoS: 0,
    internalQueryMaxAddToSetBytes: 104857600,
    internalDocumentSourceSetWindowFieldsMaxMemoryBytes: 104857600,
    internalQueryFrameworkControl: 'trySbeEngine'
  },
  ok: 1
}
shop> db.products.find({'name': 'Air Fryer'}).explain('executionStats')
{
  explainVersion: '2',
  queryPlanner: {
    namespace: 'shop.products',
    indexFilterSet: false,
    parsedQuery: { name: { '$eq': 'Air Fryer' } },
    queryHash: '1AD872C6',
    planCacheKey: 'FFE2E2B2',
    maxIndexedOrSolutionsReached: false,
    maxIndexedAndSolutionsReached: false,
    maxScansToExplodeReached: false,
    winningPlan: {
      queryPlan: {
        stage: 'COLLSCAN',
        planNodeId: 1,
        filter: { name: { '$eq': 'Air Fryer' } },
        direction: 'forward'
      },
      slotBasedPlan: {
        slots: '$$RESULT=s5 env: { s7 = "Air Fryer", s1 = TimeZoneDatabase(Etc/Greenwich...Africa/Freetown) (timeZoneDB), s3 = 1727004437052 (NOW), s2 = Nothing (SEARCH_META) }',
        stages: '[1] filter {traverseF(s4, lambda(l1.0) { ((l1.0 == s7) ?: false) }, false)} \n' +
          '[1] scan s5 s6 none none none none lowPriority [s4 = name] @"921167b7-9b06-4819-807b-38fdf57025af" true false '
      }
    },
    rejectedPlans: []
  },
  executionStats: {
    executionSuccess: true,
    nReturned: 3,
    executionTimeMillis: 20,
    totalKeysExamined: 0,
    totalDocsExamined: 10355,
    executionStages: {
      stage: 'filter',
      planNodeId: 1,
      nReturned: 3,
      executionTimeMillisEstimate: 19,
      opens: 1,
      closes: 1,
      saveState: 10,
      restoreState: 10,
      isEOF: 1,
      numTested: 10355,
      filter: 'traverseF(s4, lambda(l1.0) { ((l1.0 == s7) ?: false) }, false) ',
      inputStage: {
        stage: 'scan',
        planNodeId: 1,
        nReturned: 10355,
        executionTimeMillisEstimate: 19,
        opens: 1,
        closes: 1,
        saveState: 10,
        restoreState: 10,
        isEOF: 1,
        numReads: 10355,
        recordSlot: 5,
        recordIdSlot: 6,
        fields: [ 'name' ],
        outputSlots: [ Long("4") ]
      }
    }
  },
  command: { find: 'products', filter: { name: 'Air Fryer' }, '$db': 'shop' },
  serverInfo: {
    host: 'DESKTOP-UI7GDUL',
    port: 27017,
    version: '7.0.2',
    gitVersion: '02b3c655e1302209ef046da6ba3ef6749dd0b62a'
  },
  serverParameters: {
    internalQueryFacetBufferSizeBytes: 104857600,
    internalQueryFacetMaxOutputDocSizeBytes: 104857600,
    internalLookupStageIntermediateDocumentMaxSizeBytes: 104857600,
    internalDocumentSourceGroupMaxMemoryBytes: 104857600,
    internalQueryMaxBlockingSortMemoryUsageBytes: 104857600,
    internalQueryProhibitBlockingMergeOnMongoS: 0,
    internalQueryMaxAddToSetBytes: 104857600,
    internalDocumentSourceSetWindowFieldsMaxMemoryBytes: 104857600,
    internalQueryFrameworkControl: 'trySbeEngine'
  },
  ok: 1
}
shop> db.products.getIndexes()
[ { v: 2, key: { _id: 1 }, name: '_id_' } ]
shop> db.products.createIndex({'name': 1})
name_1
shop> db.products.getIndexes()
[
  { v: 2, key: { _id: 1 }, name: '_id_' },
  { v: 2, key: { name: 1 }, name: 'name_1' }
]
shop> db.products.find({'name': 'Air Fryer'}).explain('executionStats')
{
  explainVersion: '2',
  queryPlanner: {
    namespace: 'shop.products',
    indexFilterSet: false,
    parsedQuery: { name: { '$eq': 'Air Fryer' } },
    queryHash: '1AD872C6',
    planCacheKey: '643B67C2',
    maxIndexedOrSolutionsReached: false,
    maxIndexedAndSolutionsReached: false,
    maxScansToExplodeReached: false,
    winningPlan: {
      queryPlan: {
        stage: 'FETCH',
        planNodeId: 2,
        inputStage: {
          stage: 'IXSCAN',
          planNodeId: 1,
          keyPattern: { name: 1 },
          indexName: 'name_1',
          isMultiKey: false,
          multiKeyPaths: { name: [] },
          isUnique: false,
          isSparse: false,
          isPartial: false,
          indexVersion: 2,
          direction: 'forward',
          indexBounds: { name: [ '["Air Fryer", "Air Fryer"]' ] }
        }
      },
      slotBasedPlan: {
        slots: '$$RESULT=s11 env: { s5 = KS(3C416972204672796572000104), s1 = TimeZoneDatabase(Etc/Greenwich...Africa/Freetown) (timeZoneDB), s10 = {"name" : 1}, s3 = 1727004629583 (NOW), s6 = KS(3C41697220467279657200FE04), s2 = Nothing (SEARCH_META) }',
        stages: '[2] nlj inner [] [s4, s7, s8, s9, s10] \n' +
          '    left \n' +
          '        [1] cfilter {(exists(s5) && exists(s6))} \n' +
          '        [1] ixseek s5 s6 s9 s4 s7 s8 [] @"921167b7-9b06-4819-807b-38fdf57025af" @"name_1" true \n' +
          '    right \n' +
          '        [2] limit 1 \n' +
          '        [2] seek s4 s11 s12 s7 s8 s9 s10 [] @"921167b7-9b06-4819-807b-38fdf57025af" true false \n'
      }
    },
    rejectedPlans: []
  },
  executionStats: {
    executionSuccess: true,
    nReturned: 3,
    executionTimeMillis: 35,
    totalKeysExamined: 3,
    totalDocsExamined: 3,
    executionStages: {
      stage: 'nlj',
      planNodeId: 2,
      nReturned: 3,
      executionTimeMillisEstimate: 34,
      opens: 1,
      closes: 1,
      saveState: 1,
      restoreState: 1,
      isEOF: 1,
      totalDocsExamined: 3,
      totalKeysExamined: 3,
      collectionScans: 0,
      collectionSeeks: 3,
      indexScans: 0,
      indexSeeks: 1,
      indexesUsed: [ 'name_1' ],
      innerOpens: 3,
      innerCloses: 1,
      outerProjects: [],
      outerCorrelated: [ Long("4"), Long("7"), Long("8"), Long("9"), Long("10") ],
      outerStage: {
        stage: 'cfilter',
        planNodeId: 1,
        nReturned: 3,
        executionTimeMillisEstimate: 34,
        opens: 1,
        closes: 1,
        saveState: 1,
        restoreState: 1,
        isEOF: 1,
        numTested: 1,
        filter: '(exists(s5) && exists(s6)) ',
        inputStage: {
          stage: 'ixseek',
          planNodeId: 1,
          nReturned: 3,
          executionTimeMillisEstimate: 34,
          opens: 1,
          closes: 1,
          saveState: 1,
          restoreState: 1,
          isEOF: 1,
          indexName: 'name_1',
          keysExamined: 3,
          seeks: 1,
          numReads: 4,
          indexKeySlot: 9,
          recordIdSlot: 4,
          snapshotIdSlot: 7,
          indexIdentSlot: 8,
          outputSlots: [],
          indexKeysToInclude: '00000000000000000000000000000000',
          seekKeyLow: 's5 ',
          seekKeyHigh: 's6 '
        }
      },
      innerStage: {
        stage: 'limit',
        planNodeId: 2,
        nReturned: 3,
        executionTimeMillisEstimate: 0,
        opens: 3,
        closes: 1,
        saveState: 1,
        restoreState: 1,
        isEOF: 1,
        limit: 1,
        inputStage: {
          stage: 'seek',
          planNodeId: 2,
          nReturned: 3,
          executionTimeMillisEstimate: 0,
          opens: 3,
          closes: 1,
          saveState: 1,
          restoreState: 1,
          isEOF: 0,
          numReads: 3,
          recordSlot: 11,
          recordIdSlot: 12,
          seekKeySlot: 4,
          snapshotIdSlot: 7,
          indexIdentSlot: 8,
          indexKeySlot: 9,
          indexKeyPatternSlot: 10,
          fields: [],
          outputSlots: []
        }
      }
    }
  },
  command: { find: 'products', filter: { name: 'Air Fryer' }, '$db': 'shop' },
  serverInfo: {
    host: 'DESKTOP-UI7GDUL',
    port: 27017,
    version: '7.0.2',
    gitVersion: '02b3c655e1302209ef046da6ba3ef6749dd0b62a'
  },
  serverParameters: {
    internalQueryFacetBufferSizeBytes: 104857600,
    internalQueryFacetMaxOutputDocSizeBytes: 104857600,
    internalLookupStageIntermediateDocumentMaxSizeBytes: 104857600,
    internalDocumentSourceGroupMaxMemoryBytes: 104857600,
    internalQueryMaxBlockingSortMemoryUsageBytes: 104857600,
    internalQueryProhibitBlockingMergeOnMongoS: 0,
    internalQueryMaxAddToSetBytes: 104857600,
    internalDocumentSourceSetWindowFieldsMaxMemoryBytes: 104857600,
    internalQueryFrameworkControl: 'trySbeEngine'
  },
  ok: 1
}
shop> db.products.find({'name': 'Air Fryer'}).explain('executionStats')
{
  explainVersion: '2',
  queryPlanner: {
    namespace: 'shop.products',
    indexFilterSet: false,
    parsedQuery: { name: { '$eq': 'Air Fryer' } },
    queryHash: '1AD872C6',
    planCacheKey: '643B67C2',
    maxIndexedOrSolutionsReached: false,
    maxIndexedAndSolutionsReached: false,
    maxScansToExplodeReached: false,
    winningPlan: {
      queryPlan: {
        stage: 'FETCH',
        planNodeId: 2,
        inputStage: {
          stage: 'IXSCAN',
          planNodeId: 1,
          keyPattern: { name: 1 },
          indexName: 'name_1',
          isMultiKey: false,
          multiKeyPaths: { name: [] },
          isUnique: false,
          isSparse: false,
          isPartial: false,
          indexVersion: 2,
          direction: 'forward',
          indexBounds: { name: [ '["Air Fryer", "Air Fryer"]' ] }
        }
      },
      slotBasedPlan: {
        slots: '$$RESULT=s11 env: { s5 = KS(3C416972204672796572000104), s1 = TimeZoneDatabase(Etc/Greenwich...Africa/Freetown) (timeZoneDB), s10 = {"name" : 1}, s3 = 1727004689356 (NOW), s6 = KS(3C41697220467279657200FE04), s2 = Nothing (SEARCH_META) }',
        stages: '[2] nlj inner [] [s4, s7, s8, s9, s10] \n' +
          '    left \n' +
          '        [1] cfilter {(exists(s5) && exists(s6))} \n' +
          '        [1] ixseek s5 s6 s9 s4 s7 s8 [] @"921167b7-9b06-4819-807b-38fdf57025af" @"name_1" true \n' +
          '    right \n' +
          '        [2] limit 1 \n' +
          '        [2] seek s4 s11 s12 s7 s8 s9 s10 [] @"921167b7-9b06-4819-807b-38fdf57025af" true false \n'
      }
    },
    rejectedPlans: []
  },
  executionStats: {
    executionSuccess: true,
    nReturned: 3,
    executionTimeMillis: 1,
    totalKeysExamined: 3,
    totalDocsExamined: 3,
    executionStages: {
      stage: 'nlj',
      planNodeId: 2,
      nReturned: 3,
      executionTimeMillisEstimate: 0,
      opens: 1,
      closes: 1,
      saveState: 0,
      restoreState: 0,
      isEOF: 1,
      totalDocsExamined: 3,
      totalKeysExamined: 3,
      collectionScans: 0,
      collectionSeeks: 3,
      indexScans: 0,
      indexSeeks: 1,
      indexesUsed: [ 'name_1' ],
      innerOpens: 3,
      innerCloses: 1,
      outerProjects: [],
      outerCorrelated: [ Long("4"), Long("7"), Long("8"), Long("9"), Long("10") ],
      outerStage: {
        stage: 'cfilter',
        planNodeId: 1,
        nReturned: 3,
        executionTimeMillisEstimate: 0,
        opens: 1,
        closes: 1,
        saveState: 0,
        restoreState: 0,
        isEOF: 1,
        numTested: 1,
        filter: '(exists(s5) && exists(s6)) ',
        inputStage: {
          stage: 'ixseek',
          planNodeId: 1,
          nReturned: 3,
          executionTimeMillisEstimate: 0,
          opens: 1,
          closes: 1,
          saveState: 0,
          restoreState: 0,
          isEOF: 1,
          indexName: 'name_1',
          keysExamined: 3,
          seeks: 1,
          numReads: 4,
          indexKeySlot: 9,
          recordIdSlot: 4,
          snapshotIdSlot: 7,
          indexIdentSlot: 8,
          outputSlots: [],
          indexKeysToInclude: '00000000000000000000000000000000',
          seekKeyLow: 's5 ',
          seekKeyHigh: 's6 '
        }
      },
      innerStage: {
        stage: 'limit',
        planNodeId: 2,
        nReturned: 3,
        executionTimeMillisEstimate: 0,
        opens: 3,
        closes: 1,
        saveState: 0,
        restoreState: 0,
        isEOF: 1,
        limit: 1,
        inputStage: {
          stage: 'seek',
          planNodeId: 2,
          nReturned: 3,
          executionTimeMillisEstimate: 0,
          opens: 3,
          closes: 1,
          saveState: 0,
          restoreState: 0,
          isEOF: 0,
          numReads: 3,
          recordSlot: 11,
          recordIdSlot: 12,
          seekKeySlot: 4,
          snapshotIdSlot: 7,
          indexIdentSlot: 8,
          indexKeySlot: 9,
          indexKeyPatternSlot: 10,
          fields: [],
          outputSlots: []
        }
      }
    }
  },
  command: { find: 'products', filter: { name: 'Air Fryer' }, '$db': 'shop' },
  serverInfo: {
    host: 'DESKTOP-UI7GDUL',
    port: 27017,
    version: '7.0.2',
    gitVersion: '02b3c655e1302209ef046da6ba3ef6749dd0b62a'
  },
  serverParameters: {
    internalQueryFacetBufferSizeBytes: 104857600,
    internalQueryFacetMaxOutputDocSizeBytes: 104857600,
    internalLookupStageIntermediateDocumentMaxSizeBytes: 104857600,
    internalDocumentSourceGroupMaxMemoryBytes: 104857600,
    internalQueryMaxBlockingSortMemoryUsageBytes: 104857600,
    internalQueryProhibitBlockingMergeOnMongoS: 0,
    internalQueryMaxAddToSetBytes: 104857600,
    internalDocumentSourceSetWindowFieldsMaxMemoryBytes: 104857600,
    internalQueryFrameworkControl: 'trySbeEngine'
  },
  ok: 1
}
shop> db.products.dropIndex({'name': 1})
{ nIndexesWas: 2, ok: 1 }
shop> db.products.getIndexes()
[ { v: 2, key: { _id: 1 }, name: '_id_' } ]
shop> db.products.find({'name': {$regex: 'Air'}})
[
  {
    _id: ObjectId("64c2363be32f4a51b19b9275"),
    name: 'Air Fryer',
    company: '64c23350e32f4a51b19b9242',
    price: 129,
    colors: [ '#000000', '#666666', '#cc9900' ],
    image: '/images/product-air-fryer.png',
    category: '64c2342de32f4a51b19b925b',
    isFeatured: false
  },
  {
    _id: ObjectId("64c236a2e32f4a51b19b928a"),
    name: 'Air Fryer',
    company: '64c23350e32f4a51b19b9242',
    price: 129,
    colors: [ '#000000', '#666666', '#cc9900' ],
    image: '/images/product-air-fryer.png',
    category: '64c2342de32f4a51b19b925b',
    isFeatured: false
  },
  {
    _id: ObjectId("64c23825e32f4a51b19b92b9"),
    name: 'Air Fryer',
    company: '64c23350e32f4a51b19b9235',
    price: 129,
    colors: [ '#ffffff', '#ff99cc', '#00cc99' ],
    image: '/images/product-air-fryer.png',
    category: '64c2342de32f4a51b19b924f',
    isFeatured: false
  }
]

shop> db.products.aggregate([ {$match: {'name': 'Sleek Wooden Tuna'}}])
[
  {
    _id: ObjectId("64c23edf9dc1fb2f85601ae5"),
    name: 'Sleek Wooden Tuna',
    company: ObjectId("64c23350e32f4a51b19b9235"),
    price: 101,
    colors: [ '#29505b' ],
    image: '/images/product-Recycled.png',
    category: ObjectId("64c2342de32f4a51b19b9255"),
    isFeatured: false,
    __v: 0
  },
  {
    _id: ObjectId("64c23edf9dc1fb2f856027db"),
    name: 'Sleek Wooden Tuna',
    company: ObjectId("64c23350e32f4a51b19b9241"),
    price: 363,
    colors: [ '#464438' ],
    image: '/images/product-Sleek.png',
    category: ObjectId("64c2342de32f4a51b19b9256"),
    isFeatured: false,
    __v: 0
  }
]
shop> db.products.aggregate([ {$match: {price: {$gt: 1240}}}])
[
  {
    _id: ObjectId("64c23601e32f4a51b19b9263"),
    name: 'Laptop Pro',
    company: '64c23350e32f4a51b19b9231',
    price: 1299,
    colors: [ '#333333', '#cccccc', '#00ff00' ],
    image: '/images/product-laptop.png',
    category: '64c2342de32f4a51b19b924e',
    isFeatured: true
  },
  {
    _id: ObjectId("64c236a2e32f4a51b19b9281"),
    name: 'Diamond Ring',
    company: '64c23350e32f4a51b19b923a',
    price: 1999,
    colors: [ '#000000', '#cc6600', '#663300' ],
    image: '/images/product-diamond-ring.png',
    category: '64c2342de32f4a51b19b9259',
    isFeatured: false
  }
]
shop> db.products.aggreagate([{$group: {_id: '$company', 'totalProducts':{$sum: 1}}}}])
Uncaught:
SyntaxError: Unexpected token, expected "," (1:78)

> 1 | db.products.aggreagate([{$group: {_id: '$company', 'totalProducts':{$sum: 1}}}}])
    |
        ^
  2 |

shop> db.products.aggreagate([{$group: {_id: '$company', totalProducts:{$sum:1}}}])
TypeError: db.products.aggreagate is not a function
shop> db.products.aggregate([{$group: {_id: '$company', totalProducts:{$sum:1}}}])
[
  { _id: '64c23350e32f4a51b19b9231', totalProducts: 6 },
  { _id: ObjectId("64c23350e32f4a51b19b9243"), totalProducts: 351 },
  { _id: ObjectId("64c23350e32f4a51b19b923c"), totalProducts: 356 },
  { _id: '64c23350e32f4a51b19b9251', totalProducts: 2 },
  { _id: '64c23350e32f4a51b19b924f', totalProducts: 2 },
  { _id: ObjectId("64c23350e32f4a51b19b923e"), totalProducts: 381 },
  { _id: ObjectId("64c23350e32f4a51b19b9236"), totalProducts: 331 },
  { _id: ObjectId("64c23350e32f4a51b19b9249"), totalProducts: 301 },
  { _id: '64c23350e32f4a51b19b9233', totalProducts: 6 },
  { _id: '64c23350e32f4a51b19b9250', totalProducts: 2 },
  { _id: '64c23350e32f4a51b19b9232', totalProducts: 6 },
  { _id: '64c23350e32f4a51b19b924d', totalProducts: 2 },
  { _id: '64c23350e32f4a51b19b9249', totalProducts: 2 },
  { _id: ObjectId("64c23350e32f4a51b19b923d"), totalProducts: 337 },
  { _id: ObjectId("64c23350e32f4a51b19b923a"), totalProducts: 333 },
  { _id: ObjectId("64c23350e32f4a51b19b9242"), totalProducts: 309 },
  { _id: ObjectId("64c23350e32f4a51b19b9247"), totalProducts: 352 },
  { _id: '64c23350e32f4a51b19b9237', totalProducts: 6 },
  { _id: '64c23350e32f4a51b19b9240', totalProducts: 6 },
  { _id: ObjectId("64c23350e32f4a51b19b9238"), totalProducts: 347 }
]
Type "it" for more
shop> db.products.aggregate([{$match: {'company': '64c23350e32f4a51b19b9251'}}])
[
  {
    _id: ObjectId("64c23871e32f4a51b19b92ca"),
    name: 'Electric Pressure Cooker',
    company: '64c23350e32f4a51b19b9251',
    price: 89,
    colors: [ '#ffffff', '#ff9900', '#0099ff' ],
    image: '/images/product-pressure-cooker.png',
    category: '64c2342de32f4a51b19b9252',
    isFeatured: true
  },
  {
    _id: ObjectId("64c239f1e32f4a51b19b92f6"),
    name: 'Outdoor Camping Tent',
    company: '64c23350e32f4a51b19b9251',
    price: 129,
    colors: [ '#ffffff', '#ff9900', '#0099ff' ],
    image: '/images/product-camping-tent.png',
    category: '64c2342de32f4a51b19b9252',
    isFeatured: true
  }
]
shop> db.products.aggregate([{$group: {_id: '$company', totalProducts:{$sum:'$price'}}}])
[
  { _id: ObjectId("64c23350e32f4a51b19b9245"), totalProducts: 153241 },
  { _id: ObjectId("64c23350e32f4a51b19b9234"), totalProducts: 180935 },
  { _id: '64c23350e32f4a51b19b9245', totalProducts: 598 },
  { _id: '64c23350e32f4a51b19b9236', totalProducts: 1344 },
  { _id: '64c23350e32f4a51b19b9244', totalProducts: 168 },
  { _id: '64c23350e32f4a51b19b924b', totalProducts: 328 },
  { _id: ObjectId("64c23350e32f4a51b19b9235"), totalProducts: 168061 },
  { _id: '64c23350e32f4a51b19b9242', totalProducts: 704 },
  { _id: '64c23350e32f4a51b19b923b', totalProducts: 3434 },
  { _id: ObjectId("64c23350e32f4a51b19b9246"), totalProducts: 149318 },
  { _id: ObjectId("64c23350e32f4a51b19b9231"), totalProducts: 168915 },
  { _id: '64c23350e32f4a51b19b9247', totalProducts: 398 },
  { _id: ObjectId("64c23350e32f4a51b19b924d"), totalProducts: 166591 },
  { _id: ObjectId("64c23350e32f4a51b19b9248"), totalProducts: 189240 },
  { _id: '64c23350e32f4a51b19b9246', totalProducts: 978 },
  { _id: ObjectId("64c23350e32f4a51b19b9244"), totalProducts: 176680 },
  { _id: ObjectId("64c23350e32f4a51b19b9233"), totalProducts: 157935 },
  { _id: '64c23350e32f4a51b19b9249', totalProducts: 168 },
  { _id: '64c23350e32f4a51b19b9232', totalProducts: 1554 },
  { _id: '64c23350e32f4a51b19b924d', totalProducts: 218 }
]
Type "it" for more
shop> db.products.aggregate([{$match: {price: {$gt: 900}}}, {$group: {_id:'company', totalProducts: {$sum: '$price'}}}])
[ { _id: 'company', totalProducts: 952102 } ]
shop> db.sales.find()
[
  { _id: 2, quantity: 5, price: 25, targetPrice: 100 },
  { _id: 4, quantity: 5, price: 55, targetPrice: 150 },
  { _id: 5, quantity: 5, price: 55, targetPrice: 150 },
  { _id: 3, quantity: 6, price: 35, targetPrice: 100 },
  { _id: 1, quantity: 10, price: 15, targetPrice: 120 }
]
shop> db.sales.aggregate([{$match: {quantity: 5}}, {$group: {_id: $quantity, priceTotal: {$sum: '$price'}, priceAvg: {$avg: {'$price'}}}}])
Uncaught:
SyntaxError: Unexpected token (1:127)

> 1 | db.sales.aggregate([{$match: {quantity: 5}}, {$group: {_id: $quantity, priceTotal: {$sum: '$price'}, priceAvg: {$avg: {'$price'}}}}])
    |
                                                         ^
  2 |

shop> db.sales.aggregate([{$match: {quantity: 5}}, {$group: {_id: $quantity, priceTotal: {$sum: '$price'}, priceAvg: {$avg: {'$price'}}}])
Uncaught:
SyntaxError: Unexpected token (1:127)

> 1 | db.sales.aggregate([{$match: {quantity: 5}}, {$group: {_id: $quantity, priceTotal: {$sum: '$price'}, priceAvg: {$avg: {'$price'}}}])
    |
                                                         ^
  2 |

shop> db.sales.aggregate([{$match: {quantity: 5}}, {$group: {_id: $quantity, priceTotal: {$sum: '$price'}, priceAvg: {$avg: '$price'}}}])
ReferenceError: $quantity is not defined
shop> db.sales.aggregate([{$match: {'quantity': 5}}, {$group: {_id: $quantity, priceTotal: {$sum: '$price'}, priceAvg: {$avg: {'$price'}}}])
Uncaught:
SyntaxError: Unexpected token (1:129)

> 1 | db.sales.aggregate([{$match: {'quantity': 5}}, {$group: {_id: $quantity, priceTotal: {$sum: '$price'}, priceAvg: {$avg: {'$price'}}}])
    |
                                                           ^
  2 |

shop> db.sales.aggregate([{$match: {'quantity': 5}}, {$group: {_id: $quantity, priceTotal: {$sum: '$price'}, priceAvg: {$avg: '$price'}}}])
ReferenceError: $quantity is not defined
shop> db.sales.aggregate([{$match: {'quantity': 5}}, {$group: {_id: 'quantity', priceTotal: {$sum: '$price'}, priceAvg: {$avg: '$price'}}}])
[ { _id: 'quantity', priceTotal: 135, priceAvg: 45 } ]
shop> db.sales.aggregate([{$match: {'quantity': 5}}, {$group: {_id: '$quantity', priceTotal: {$sum: '$price'}, priceAvg: {$avg: '$price'}}}])
[ { _id: 5, priceTotal: 135, priceAvg: 45 } ]
shop> db.products.aggregate([{$match: {price: {$gt: 1200}}}, {$group: {_id:'$category', totalPrice: {$sum: '$price'}}}])
[
  { _id: '64c2342de32f4a51b19b9259', totalPrice: 1999 },
  { _id: '64c2342de32f4a51b19b924e', totalPrice: 1299 }
]
shop> db.products.aggregate([{$match: {price: {$gt: 1200}}}, {$group: {_id:'$category', totalPrice: {$sum: '$price'}}}, {$sort: {totalPrice: 1}}])
[
  { _id: '64c2342de32f4a51b19b924e', totalPrice: 1299 },
  { _id: '64c2342de32f4a51b19b9259', totalPrice: 1999 }
]
shop> db.products.aggregate([{$match: {price: {$gt: 1200}}}, {$group: {_id:'$category', totalPrice: {$sum: '$price'}}}, {$sort: {totalPrice: -1}}])
[
  { _id: '64c2342de32f4a51b19b9259', totalPrice: 1999 },
  { _id: '64c2342de32f4a51b19b924e', totalPrice: 1299 }
]
shop> db.products.aggregate([{$project: {price: 1}}])
[
  { _id: ObjectId("64c23601e32f4a51b19b9262"), price: 699 },
  { _id: ObjectId("64c23601e32f4a51b19b9265"), price: 89 },
  { _id: ObjectId("64c23601e32f4a51b19b926a"), price: 89 },
  { _id: ObjectId("64c23601e32f4a51b19b926b"), price: 149 },
  { _id: ObjectId("64c23601e32f4a51b19b926c"), price: 349 },
  { _id: ObjectId("64c23601e32f4a51b19b926d"), price: 799 },
  { _id: ObjectId("64c23601e32f4a51b19b926e"), price: 29 },
  { _id: ObjectId("64c23601e32f4a51b19b926f"), price: 69 },
  { _id: ObjectId("64c23601e32f4a51b19b9270"), price: 19 },
  { _id: ObjectId("64c23601e32f4a51b19b9264"), price: 249 },
  { _id: ObjectId("64c23601e32f4a51b19b9263"), price: 1299 },
  { _id: ObjectId("64c23601e32f4a51b19b9267"), price: 59 },
  { _id: ObjectId("64c23601e32f4a51b19b9268"), price: 299 },
  { _id: ObjectId("64c23601e32f4a51b19b9266"), price: 129 },
  { _id: ObjectId("64c23601e32f4a51b19b9269"), price: 49 },
  { _id: ObjectId("64c2363be32f4a51b19b9273"), price: 149 },
  { _id: ObjectId("64c2363be32f4a51b19b9271"), price: 39 },
  { _id: ObjectId("64c2363be32f4a51b19b9272"), price: 899 },
  { _id: ObjectId("64c2363be32f4a51b19b927a"), price: 79 },
  { _id: ObjectId("64c2363be32f4a51b19b9279"), price: 49 }
]
Type "it" for more
shop> db.products.aggregate([{$project: {price: 1, _id:0}}])
[
  { price: 699 },  { price: 89 },
  { price: 89 },   { price: 149 },
  { price: 349 },  { price: 799 },
  { price: 29 },   { price: 69 },
  { price: 19 },   { price: 249 },
  { price: 1299 }, { price: 59 },
  { price: 299 },  { price: 129 },
  { price: 49 },   { price: 149 },
  { price: 39 },   { price: 899 },
  { price: 79 },   { price: 49 }
]
Type "it" for more
shop> db.products.aggregate([{$project: {price: 1, discountPrice: {$multiply: ['$price', 0.8]}}}])
[
  {
    _id: ObjectId("64c23601e32f4a51b19b9262"),
    price: 699,
    discountPrice: 559.2
  },
  {
    _id: ObjectId("64c23601e32f4a51b19b9265"),
    price: 89,
    discountPrice: 71.2
  },
  {
    _id: ObjectId("64c23601e32f4a51b19b926a"),
    price: 89,
    discountPrice: 71.2
  },
  {
    _id: ObjectId("64c23601e32f4a51b19b926b"),
    price: 149,
    discountPrice: 119.2
  },
  {
    _id: ObjectId("64c23601e32f4a51b19b926c"),
    price: 349,
    discountPrice: 279.2
  },
  {
    _id: ObjectId("64c23601e32f4a51b19b926d"),
    price: 799,
    discountPrice: 639.2
  },
  {
    _id: ObjectId("64c23601e32f4a51b19b926e"),
    price: 29,
    discountPrice: 23.200000000000003
  },
  {
    _id: ObjectId("64c23601e32f4a51b19b926f"),
    price: 69,
    discountPrice: 55.2
  },
  {
    _id: ObjectId("64c23601e32f4a51b19b9270"),
    price: 19,
    discountPrice: 15.200000000000001
  },
  {
    _id: ObjectId("64c23601e32f4a51b19b9264"),
    price: 249,
    discountPrice: 199.20000000000002
  },
  {
    _id: ObjectId("64c23601e32f4a51b19b9263"),
    price: 1299,
    discountPrice: 1039.2
  },
  {
    _id: ObjectId("64c23601e32f4a51b19b9267"),
    price: 59,
    discountPrice: 47.2
  },
  {
    _id: ObjectId("64c23601e32f4a51b19b9268"),
    price: 299,
    discountPrice: 239.20000000000002
  },
  {
    _id: ObjectId("64c23601e32f4a51b19b9266"),
    price: 129,
    discountPrice: 103.2
  },
  {
    _id: ObjectId("64c23601e32f4a51b19b9269"),
    price: 49,
    discountPrice: 39.2
  },
  {
    _id: ObjectId("64c2363be32f4a51b19b9273"),
    price: 149,
    discountPrice: 119.2
  },
  {
    _id: ObjectId("64c2363be32f4a51b19b9271"),
    price: 39,
    discountPrice: 31.200000000000003
  },
  {
    _id: ObjectId("64c2363be32f4a51b19b9272"),
    price: 899,
    discountPrice: 719.2
  },
  {
    _id: ObjectId("64c2363be32f4a51b19b927a"),
    price: 79,
    discountPrice: 63.2
  },
  {
    _id: ObjectId("64c2363be32f4a51b19b9279"),
    price: 49,
    discountPrice: 39.2
  }
]
Type "it" for more
shop>